Archive member included to satisfy reference by file (symbol)

dsp_lib//libarm_cortexM3l_math.a(arm_mean_q15.o)
                              obj/main.o (arm_mean_q15)
dsp_lib//libarm_cortexM3l_math.a(arm_max_q15.o)
                              obj/main.o (arm_max_q15)
dsp_lib//libarm_cortexM3l_math.a(arm_cfft_radix2_q15.o)
                              obj/main.o (arm_cfft_radix2_q15)
dsp_lib//libarm_cortexM3l_math.a(arm_cfft_radix2_init_q15.o)
                              obj/main.o (arm_cfft_radix2_init_q15)
dsp_lib//libarm_cortexM3l_math.a(arm_bitreversal.o)
                              dsp_lib//libarm_cortexM3l_math.a(arm_cfft_radix2_q15.o) (arm_bitreversal_q15)
dsp_lib//libarm_cortexM3l_math.a(arm_cmplx_mag_q15.o)
                              obj/main.o (arm_cmplx_mag_q15)
dsp_lib//libarm_cortexM3l_math.a(arm_sqrt_q15.o)
                              dsp_lib//libarm_cortexM3l_math.a(arm_cmplx_mag_q15.o) (arm_sqrt_q15)
dsp_lib//libarm_cortexM3l_math.a(arm_shift_q15.o)
                              obj/main.o (arm_shift_q15)
dsp_lib//libarm_cortexM3l_math.a(arm_common_tables.o)
                              dsp_lib//libarm_cortexM3l_math.a(arm_cfft_radix2_init_q15.o) (twiddleCoef_4096_q15)
/opt/arm-none-eabi/bin/../lib/gcc/arm-none-eabi/13.3.1/thumb/v7-m/nofp/libgcc.a(_arm_mulsf3.o)
                              obj/main.o (__aeabi_fmul)
/opt/arm-none-eabi/bin/../lib/gcc/arm-none-eabi/13.3.1/thumb/v7-m/nofp/libgcc.a(_arm_addsubsf3.o)
                              obj/main.o (__aeabi_fsub)
/opt/arm-none-eabi/bin/../lib/gcc/arm-none-eabi/13.3.1/thumb/v7-m/nofp/libgcc.a(_arm_muldivsf3.o)
                              obj/main.o (__aeabi_fdiv)
/opt/arm-none-eabi/bin/../lib/gcc/arm-none-eabi/13.3.1/thumb/v7-m/nofp/libgcc.a(_arm_fixsfsi.o)
                              dsp_lib//libarm_cortexM3l_math.a(arm_sqrt_q15.o) (__aeabi_f2iz)
/opt/arm-none-eabi/bin/../lib/gcc/arm-none-eabi/13.3.1/thumb/v7-m/nofp/libgcc.a(_arm_fixunssfsi.o)
                              obj/main.o (__aeabi_f2uiz)
/opt/arm-none-eabi/bin/../lib/gcc/arm-none-eabi/13.3.1/../../../../arm-none-eabi/lib/thumb/v7-m/nofp/libc_nano.a(libc_a-exit.o)
                              /opt/arm-none-eabi/bin/../lib/gcc/arm-none-eabi/13.3.1/../../../../arm-none-eabi/lib/thumb/v7-m/nofp/crt0.o (exit)
/opt/arm-none-eabi/bin/../lib/gcc/arm-none-eabi/13.3.1/../../../../arm-none-eabi/lib/thumb/v7-m/nofp/libc_nano.a(libc_a-init.o)
                              /opt/arm-none-eabi/bin/../lib/gcc/arm-none-eabi/13.3.1/../../../../arm-none-eabi/lib/thumb/v7-m/nofp/crt0.o (__libc_init_array)
/opt/arm-none-eabi/bin/../lib/gcc/arm-none-eabi/13.3.1/../../../../arm-none-eabi/lib/thumb/v7-m/nofp/libc_nano.a(libc_a-memset.o)
                              /opt/arm-none-eabi/bin/../lib/gcc/arm-none-eabi/13.3.1/../../../../arm-none-eabi/lib/thumb/v7-m/nofp/crt0.o (memset)
/opt/arm-none-eabi/bin/../lib/gcc/arm-none-eabi/13.3.1/../../../../arm-none-eabi/lib/thumb/v7-m/nofp/libc_nano.a(libc_a-findfp.o)
                              /opt/arm-none-eabi/bin/../lib/gcc/arm-none-eabi/13.3.1/../../../../arm-none-eabi/lib/thumb/v7-m/nofp/libc_nano.a(libc_a-exit.o) (__stdio_exit_handler)
/opt/arm-none-eabi/bin/../lib/gcc/arm-none-eabi/13.3.1/../../../../arm-none-eabi/lib/thumb/v7-m/nofp/libc_nano.a(libc_a-stdio.o)
                              /opt/arm-none-eabi/bin/../lib/gcc/arm-none-eabi/13.3.1/../../../../arm-none-eabi/lib/thumb/v7-m/nofp/libc_nano.a(libc_a-findfp.o) (__sread)
/opt/arm-none-eabi/bin/../lib/gcc/arm-none-eabi/13.3.1/../../../../arm-none-eabi/lib/thumb/v7-m/nofp/libc_nano.a(libc_a-lseekr.o)
                              /opt/arm-none-eabi/bin/../lib/gcc/arm-none-eabi/13.3.1/../../../../arm-none-eabi/lib/thumb/v7-m/nofp/libc_nano.a(libc_a-stdio.o) (_lseek_r)
/opt/arm-none-eabi/bin/../lib/gcc/arm-none-eabi/13.3.1/../../../../arm-none-eabi/lib/thumb/v7-m/nofp/libc_nano.a(libc_a-readr.o)
                              /opt/arm-none-eabi/bin/../lib/gcc/arm-none-eabi/13.3.1/../../../../arm-none-eabi/lib/thumb/v7-m/nofp/libc_nano.a(libc_a-stdio.o) (_read_r)
/opt/arm-none-eabi/bin/../lib/gcc/arm-none-eabi/13.3.1/../../../../arm-none-eabi/lib/thumb/v7-m/nofp/libc_nano.a(libc_a-fwalk.o)
                              /opt/arm-none-eabi/bin/../lib/gcc/arm-none-eabi/13.3.1/../../../../arm-none-eabi/lib/thumb/v7-m/nofp/libc_nano.a(libc_a-findfp.o) (_fwalk_sglue)
/opt/arm-none-eabi/bin/../lib/gcc/arm-none-eabi/13.3.1/../../../../arm-none-eabi/lib/thumb/v7-m/nofp/libc_nano.a(libc_a-writer.o)
                              /opt/arm-none-eabi/bin/../lib/gcc/arm-none-eabi/13.3.1/../../../../arm-none-eabi/lib/thumb/v7-m/nofp/libc_nano.a(libc_a-stdio.o) (_write_r)
/opt/arm-none-eabi/bin/../lib/gcc/arm-none-eabi/13.3.1/../../../../arm-none-eabi/lib/thumb/v7-m/nofp/libc_nano.a(libc_a-lock.o)
                              /opt/arm-none-eabi/bin/../lib/gcc/arm-none-eabi/13.3.1/../../../../arm-none-eabi/lib/thumb/v7-m/nofp/libc_nano.a(libc_a-findfp.o) (__retarget_lock_init_recursive)
/opt/arm-none-eabi/bin/../lib/gcc/arm-none-eabi/13.3.1/../../../../arm-none-eabi/lib/thumb/v7-m/nofp/libc_nano.a(libc_a-fflush.o)
                              /opt/arm-none-eabi/bin/../lib/gcc/arm-none-eabi/13.3.1/../../../../arm-none-eabi/lib/thumb/v7-m/nofp/libc_nano.a(libc_a-findfp.o) (_fflush_r)
/opt/arm-none-eabi/bin/../lib/gcc/arm-none-eabi/13.3.1/../../../../arm-none-eabi/lib/thumb/v7-m/nofp/libc_nano.a(libc_a-mallocr.o)
                              /opt/arm-none-eabi/bin/../lib/gcc/arm-none-eabi/13.3.1/../../../../arm-none-eabi/lib/thumb/v7-m/nofp/libc_nano.a(libc_a-findfp.o) (_malloc_r)
/opt/arm-none-eabi/bin/../lib/gcc/arm-none-eabi/13.3.1/../../../../arm-none-eabi/lib/thumb/v7-m/nofp/libc_nano.a(libc_a-closer.o)
                              /opt/arm-none-eabi/bin/../lib/gcc/arm-none-eabi/13.3.1/../../../../arm-none-eabi/lib/thumb/v7-m/nofp/libc_nano.a(libc_a-stdio.o) (_close_r)
/opt/arm-none-eabi/bin/../lib/gcc/arm-none-eabi/13.3.1/../../../../arm-none-eabi/lib/thumb/v7-m/nofp/libc_nano.a(libc_a-reent.o)
                              /opt/arm-none-eabi/bin/../lib/gcc/arm-none-eabi/13.3.1/../../../../arm-none-eabi/lib/thumb/v7-m/nofp/libc_nano.a(libc_a-lseekr.o) (errno)
/opt/arm-none-eabi/bin/../lib/gcc/arm-none-eabi/13.3.1/../../../../arm-none-eabi/lib/thumb/v7-m/nofp/libc_nano.a(libc_a-impure.o)
                              /opt/arm-none-eabi/bin/../lib/gcc/arm-none-eabi/13.3.1/../../../../arm-none-eabi/lib/thumb/v7-m/nofp/libc_nano.a(libc_a-fflush.o) (_impure_ptr)
/opt/arm-none-eabi/bin/../lib/gcc/arm-none-eabi/13.3.1/../../../../arm-none-eabi/lib/thumb/v7-m/nofp/libc_nano.a(libc_a-mlock.o)
                              /opt/arm-none-eabi/bin/../lib/gcc/arm-none-eabi/13.3.1/../../../../arm-none-eabi/lib/thumb/v7-m/nofp/libc_nano.a(libc_a-mallocr.o) (__malloc_lock)
/opt/arm-none-eabi/bin/../lib/gcc/arm-none-eabi/13.3.1/../../../../arm-none-eabi/lib/thumb/v7-m/nofp/libc_nano.a(libc_a-sbrkr.o)
                              /opt/arm-none-eabi/bin/../lib/gcc/arm-none-eabi/13.3.1/../../../../arm-none-eabi/lib/thumb/v7-m/nofp/libc_nano.a(libc_a-mallocr.o) (_sbrk_r)
/opt/arm-none-eabi/bin/../lib/gcc/arm-none-eabi/13.3.1/../../../../arm-none-eabi/lib/thumb/v7-m/nofp/libc_nano.a(libc_a-freer.o)
                              /opt/arm-none-eabi/bin/../lib/gcc/arm-none-eabi/13.3.1/../../../../arm-none-eabi/lib/thumb/v7-m/nofp/libc_nano.a(libc_a-fflush.o) (_free_r)
/opt/arm-none-eabi/bin/../lib/gcc/arm-none-eabi/13.3.1/../../../../arm-none-eabi/lib/thumb/v7-m/nofp/libnosys.a(close.o)
                              /opt/arm-none-eabi/bin/../lib/gcc/arm-none-eabi/13.3.1/../../../../arm-none-eabi/lib/thumb/v7-m/nofp/libc_nano.a(libc_a-closer.o) (_close)
/opt/arm-none-eabi/bin/../lib/gcc/arm-none-eabi/13.3.1/../../../../arm-none-eabi/lib/thumb/v7-m/nofp/libnosys.a(lseek.o)
                              /opt/arm-none-eabi/bin/../lib/gcc/arm-none-eabi/13.3.1/../../../../arm-none-eabi/lib/thumb/v7-m/nofp/libc_nano.a(libc_a-lseekr.o) (_lseek)
/opt/arm-none-eabi/bin/../lib/gcc/arm-none-eabi/13.3.1/../../../../arm-none-eabi/lib/thumb/v7-m/nofp/libnosys.a(read.o)
                              /opt/arm-none-eabi/bin/../lib/gcc/arm-none-eabi/13.3.1/../../../../arm-none-eabi/lib/thumb/v7-m/nofp/libc_nano.a(libc_a-readr.o) (_read)
/opt/arm-none-eabi/bin/../lib/gcc/arm-none-eabi/13.3.1/../../../../arm-none-eabi/lib/thumb/v7-m/nofp/libnosys.a(sbrk.o)
                              /opt/arm-none-eabi/bin/../lib/gcc/arm-none-eabi/13.3.1/../../../../arm-none-eabi/lib/thumb/v7-m/nofp/libc_nano.a(libc_a-sbrkr.o) (_sbrk)
/opt/arm-none-eabi/bin/../lib/gcc/arm-none-eabi/13.3.1/../../../../arm-none-eabi/lib/thumb/v7-m/nofp/libnosys.a(write.o)
                              /opt/arm-none-eabi/bin/../lib/gcc/arm-none-eabi/13.3.1/../../../../arm-none-eabi/lib/thumb/v7-m/nofp/libc_nano.a(libc_a-writer.o) (_write)
/opt/arm-none-eabi/bin/../lib/gcc/arm-none-eabi/13.3.1/../../../../arm-none-eabi/lib/thumb/v7-m/nofp/libnosys.a(_exit.o)
                              /opt/arm-none-eabi/bin/../lib/gcc/arm-none-eabi/13.3.1/../../../../arm-none-eabi/lib/thumb/v7-m/nofp/libc_nano.a(libc_a-exit.o) (_exit)
/opt/arm-none-eabi/bin/../lib/gcc/arm-none-eabi/13.3.1/../../../../arm-none-eabi/lib/thumb/v7-m/nofp/libm.a(libm_a-wf_log.o)
                              obj/main.o (logf)
/opt/arm-none-eabi/bin/../lib/gcc/arm-none-eabi/13.3.1/../../../../arm-none-eabi/lib/thumb/v7-m/nofp/libm.a(libm_a-sf_nan.o)
                              /opt/arm-none-eabi/bin/../lib/gcc/arm-none-eabi/13.3.1/../../../../arm-none-eabi/lib/thumb/v7-m/nofp/libm.a(libm_a-wf_log.o) (nanf)
/opt/arm-none-eabi/bin/../lib/gcc/arm-none-eabi/13.3.1/../../../../arm-none-eabi/lib/thumb/v7-m/nofp/libm.a(libm_a-ef_log.o)
                              /opt/arm-none-eabi/bin/../lib/gcc/arm-none-eabi/13.3.1/../../../../arm-none-eabi/lib/thumb/v7-m/nofp/libm.a(libm_a-wf_log.o) (__ieee754_logf)
/opt/arm-none-eabi/bin/../lib/gcc/arm-none-eabi/13.3.1/thumb/v7-m/nofp/libgcc.a(_arm_cmpsf2.o)
                              /opt/arm-none-eabi/bin/../lib/gcc/arm-none-eabi/13.3.1/../../../../arm-none-eabi/lib/thumb/v7-m/nofp/libm.a(libm_a-wf_log.o) (__aeabi_fcmpeq)
/opt/arm-none-eabi/bin/../lib/gcc/arm-none-eabi/13.3.1/thumb/v7-m/nofp/libgcc.a(_arm_unordsf2.o)
                              /opt/arm-none-eabi/bin/../lib/gcc/arm-none-eabi/13.3.1/../../../../arm-none-eabi/lib/thumb/v7-m/nofp/libm.a(libm_a-wf_log.o) (__aeabi_fcmpun)

Discarded input sections

 .text          0x00000000        0x0 /opt/arm-none-eabi/bin/../lib/gcc/arm-none-eabi/13.3.1/thumb/v7-m/nofp/crti.o
 .data          0x00000000        0x0 /opt/arm-none-eabi/bin/../lib/gcc/arm-none-eabi/13.3.1/thumb/v7-m/nofp/crti.o
 .bss           0x00000000        0x0 /opt/arm-none-eabi/bin/../lib/gcc/arm-none-eabi/13.3.1/thumb/v7-m/nofp/crti.o
 .text          0x00000000        0x0 /opt/arm-none-eabi/bin/../lib/gcc/arm-none-eabi/13.3.1/thumb/v7-m/nofp/crtbegin.o
 .data          0x00000000        0x0 /opt/arm-none-eabi/bin/../lib/gcc/arm-none-eabi/13.3.1/thumb/v7-m/nofp/crtbegin.o
 .bss           0x00000000        0x0 /opt/arm-none-eabi/bin/../lib/gcc/arm-none-eabi/13.3.1/thumb/v7-m/nofp/crtbegin.o
 .rodata.all_implied_fbits
                0x00000000       0x24 /opt/arm-none-eabi/bin/../lib/gcc/arm-none-eabi/13.3.1/thumb/v7-m/nofp/crtbegin.o
 .data.__dso_handle
                0x00000000        0x4 /opt/arm-none-eabi/bin/../lib/gcc/arm-none-eabi/13.3.1/thumb/v7-m/nofp/crtbegin.o
 .text          0x00000000       0x7c /opt/arm-none-eabi/bin/../lib/gcc/arm-none-eabi/13.3.1/../../../../arm-none-eabi/lib/thumb/v7-m/nofp/crt0.o
 .data          0x00000000        0x0 /opt/arm-none-eabi/bin/../lib/gcc/arm-none-eabi/13.3.1/../../../../arm-none-eabi/lib/thumb/v7-m/nofp/crt0.o
 .bss           0x00000000        0x0 /opt/arm-none-eabi/bin/../lib/gcc/arm-none-eabi/13.3.1/../../../../arm-none-eabi/lib/thumb/v7-m/nofp/crt0.o
 .ARM.extab     0x00000000        0x0 /opt/arm-none-eabi/bin/../lib/gcc/arm-none-eabi/13.3.1/../../../../arm-none-eabi/lib/thumb/v7-m/nofp/crt0.o
 .ARM.exidx     0x00000000       0x10 /opt/arm-none-eabi/bin/../lib/gcc/arm-none-eabi/13.3.1/../../../../arm-none-eabi/lib/thumb/v7-m/nofp/crt0.o
 .debug_line_str
                0x00000000       0xcb /opt/arm-none-eabi/bin/../lib/gcc/arm-none-eabi/13.3.1/../../../../arm-none-eabi/lib/thumb/v7-m/nofp/crt0.o
 .ARM.attributes
                0x00000000       0x1b /opt/arm-none-eabi/bin/../lib/gcc/arm-none-eabi/13.3.1/../../../../arm-none-eabi/lib/thumb/v7-m/nofp/crt0.o
 .data          0x00000000        0x0 obj/HSE_CLK.o
 .bss           0x00000000        0x0 obj/HSE_CLK.o
 .text          0x00000000       0xb4 obj/uart.o
 .data          0x00000000        0x0 obj/uart.o
 .bss           0x00000000        0x0 obj/uart.o
 .debug_info    0x00000000      0x385 obj/uart.o
 .debug_abbrev  0x00000000      0x172 obj/uart.o
 .debug_loclists
                0x00000000       0x50 obj/uart.o
 .debug_aranges
                0x00000000       0x20 obj/uart.o
 .debug_line    0x00000000      0x213 obj/uart.o
 .debug_str     0x00000000      0x266 obj/uart.o
 .comment       0x00000000       0x46 obj/uart.o
 .debug_frame   0x00000000       0x40 obj/uart.o
 .ARM.attributes
                0x00000000       0x2d obj/uart.o
 .data          0x00000000        0x0 obj/spi.o
 .bss           0x00000000        0x0 obj/spi.o
 .bss           0x00000000        0x0 obj/ledconf.o
 .data          0x00000000        0x0 obj/delay.o
 .bss           0x00000000        0x0 obj/delay.o
 .bss           0x00000000        0x0 obj/intrr_event.o
 .data          0x00000000        0x0 obj/adc.o
 .text          0x00000000       0x14 obj/all_asm.o
 .data          0x00000000        0x0 obj/all_asm.o
 .bss           0x00000000        0x0 obj/all_asm.o
 .text          0x00000000        0x0 dsp_lib//libarm_cortexM3l_math.a(arm_mean_q15.o)
 .data          0x00000000        0x0 dsp_lib//libarm_cortexM3l_math.a(arm_mean_q15.o)
 .bss           0x00000000        0x0 dsp_lib//libarm_cortexM3l_math.a(arm_mean_q15.o)
 .text          0x00000000        0x0 dsp_lib//libarm_cortexM3l_math.a(arm_max_q15.o)
 .data          0x00000000        0x0 dsp_lib//libarm_cortexM3l_math.a(arm_max_q15.o)
 .bss           0x00000000        0x0 dsp_lib//libarm_cortexM3l_math.a(arm_max_q15.o)
 .text          0x00000000        0x0 dsp_lib//libarm_cortexM3l_math.a(arm_cfft_radix2_q15.o)
 .data          0x00000000        0x0 dsp_lib//libarm_cortexM3l_math.a(arm_cfft_radix2_q15.o)
 .bss           0x00000000        0x0 dsp_lib//libarm_cortexM3l_math.a(arm_cfft_radix2_q15.o)
 .text          0x00000000        0x0 dsp_lib//libarm_cortexM3l_math.a(arm_cfft_radix2_init_q15.o)
 .data          0x00000000        0x0 dsp_lib//libarm_cortexM3l_math.a(arm_cfft_radix2_init_q15.o)
 .bss           0x00000000        0x0 dsp_lib//libarm_cortexM3l_math.a(arm_cfft_radix2_init_q15.o)
 .text          0x00000000        0x0 dsp_lib//libarm_cortexM3l_math.a(arm_bitreversal.o)
 .data          0x00000000        0x0 dsp_lib//libarm_cortexM3l_math.a(arm_bitreversal.o)
 .bss           0x00000000        0x0 dsp_lib//libarm_cortexM3l_math.a(arm_bitreversal.o)
 .text.arm_bitreversal_f32
                0x00000000       0xbc dsp_lib//libarm_cortexM3l_math.a(arm_bitreversal.o)
 .text.arm_bitreversal_q31
                0x00000000       0x9c dsp_lib//libarm_cortexM3l_math.a(arm_bitreversal.o)
 .text          0x00000000        0x0 dsp_lib//libarm_cortexM3l_math.a(arm_cmplx_mag_q15.o)
 .data          0x00000000        0x0 dsp_lib//libarm_cortexM3l_math.a(arm_cmplx_mag_q15.o)
 .bss           0x00000000        0x0 dsp_lib//libarm_cortexM3l_math.a(arm_cmplx_mag_q15.o)
 .text          0x00000000        0x0 dsp_lib//libarm_cortexM3l_math.a(arm_sqrt_q15.o)
 .data          0x00000000        0x0 dsp_lib//libarm_cortexM3l_math.a(arm_sqrt_q15.o)
 .bss           0x00000000        0x0 dsp_lib//libarm_cortexM3l_math.a(arm_sqrt_q15.o)
 .text          0x00000000        0x0 dsp_lib//libarm_cortexM3l_math.a(arm_shift_q15.o)
 .data          0x00000000        0x0 dsp_lib//libarm_cortexM3l_math.a(arm_shift_q15.o)
 .bss           0x00000000        0x0 dsp_lib//libarm_cortexM3l_math.a(arm_shift_q15.o)
 .text          0x00000000        0x0 dsp_lib//libarm_cortexM3l_math.a(arm_common_tables.o)
 .data          0x00000000        0x0 dsp_lib//libarm_cortexM3l_math.a(arm_common_tables.o)
 .bss           0x00000000        0x0 dsp_lib//libarm_cortexM3l_math.a(arm_common_tables.o)
 .rodata.armBitRevIndexTable_fixed_128
                0x00000000       0xe0 dsp_lib//libarm_cortexM3l_math.a(arm_common_tables.o)
 .rodata.twiddleCoef_2048
                0x00000000     0x4000 dsp_lib//libarm_cortexM3l_math.a(arm_common_tables.o)
 .rodata.armBitRevIndexTable_fixed_2048
                0x00000000      0xf80 dsp_lib//libarm_cortexM3l_math.a(arm_common_tables.o)
 .rodata.twiddleCoef_32_q31
                0x00000000       0xc0 dsp_lib//libarm_cortexM3l_math.a(arm_common_tables.o)
 .rodata.armBitRevIndexTable_fixed_4096
                0x00000000     0x1f80 dsp_lib//libarm_cortexM3l_math.a(arm_common_tables.o)
 .rodata.twiddleCoef_rfft_64
                0x00000000      0x100 dsp_lib//libarm_cortexM3l_math.a(arm_common_tables.o)
 .rodata.armBitRevIndexTable64
                0x00000000       0x70 dsp_lib//libarm_cortexM3l_math.a(arm_common_tables.o)
 .rodata.twiddleCoef_rfft_2048
                0x00000000     0x2000 dsp_lib//libarm_cortexM3l_math.a(arm_common_tables.o)
 .rodata.armBitRevIndexTable_fixed_1024
                0x00000000      0x7c0 dsp_lib//libarm_cortexM3l_math.a(arm_common_tables.o)
 .rodata.twiddleCoef_rfft_4096
                0x00000000     0x4000 dsp_lib//libarm_cortexM3l_math.a(arm_common_tables.o)
 .rodata.twiddleCoef_256
                0x00000000      0x800 dsp_lib//libarm_cortexM3l_math.a(arm_common_tables.o)
 .rodata.twiddleCoef_1024_q15
                0x00000000      0xc00 dsp_lib//libarm_cortexM3l_math.a(arm_common_tables.o)
 .rodata.twiddleCoef_1024_q31
                0x00000000     0x1800 dsp_lib//libarm_cortexM3l_math.a(arm_common_tables.o)
 .rodata.twiddleCoef_32_q15
                0x00000000       0x60 dsp_lib//libarm_cortexM3l_math.a(arm_common_tables.o)
 .rodata.twiddleCoef_16
                0x00000000       0x80 dsp_lib//libarm_cortexM3l_math.a(arm_common_tables.o)
 .rodata.twiddleCoef_4096_q31
                0x00000000     0x6000 dsp_lib//libarm_cortexM3l_math.a(arm_common_tables.o)
 .rodata.sinTable_q15
                0x00000000      0x402 dsp_lib//libarm_cortexM3l_math.a(arm_common_tables.o)
 .rodata.sinTable_q31
                0x00000000      0x804 dsp_lib//libarm_cortexM3l_math.a(arm_common_tables.o)
 .rodata.twiddleCoef_1024
                0x00000000     0x2000 dsp_lib//libarm_cortexM3l_math.a(arm_common_tables.o)
 .rodata.twiddleCoef_32
                0x00000000      0x100 dsp_lib//libarm_cortexM3l_math.a(arm_common_tables.o)
 .rodata.armBitRevIndexTable1024
                0x00000000      0xe10 dsp_lib//libarm_cortexM3l_math.a(arm_common_tables.o)
 .rodata.twiddleCoef_16_q15
                0x00000000       0x30 dsp_lib//libarm_cortexM3l_math.a(arm_common_tables.o)
 .rodata.twiddleCoef_16_q31
                0x00000000       0x60 dsp_lib//libarm_cortexM3l_math.a(arm_common_tables.o)
 .rodata.armBitRevIndexTable16
                0x00000000       0x28 dsp_lib//libarm_cortexM3l_math.a(arm_common_tables.o)
 .rodata.twiddleCoef_rfft_32
                0x00000000       0x80 dsp_lib//libarm_cortexM3l_math.a(arm_common_tables.o)
 .rodata.armBitRevIndexTable32
                0x00000000       0x60 dsp_lib//libarm_cortexM3l_math.a(arm_common_tables.o)
 .rodata.sinTable_f32
                0x00000000      0x804 dsp_lib//libarm_cortexM3l_math.a(arm_common_tables.o)
 .rodata.twiddleCoef_128
                0x00000000      0x400 dsp_lib//libarm_cortexM3l_math.a(arm_common_tables.o)
 .rodata.twiddleCoef_64_q15
                0x00000000       0xc0 dsp_lib//libarm_cortexM3l_math.a(arm_common_tables.o)
 .rodata.twiddleCoef_2048_q15
                0x00000000     0x1800 dsp_lib//libarm_cortexM3l_math.a(arm_common_tables.o)
 .rodata.twiddleCoef_64_q31
                0x00000000      0x180 dsp_lib//libarm_cortexM3l_math.a(arm_common_tables.o)
 .rodata.twiddleCoef_2048_q31
                0x00000000     0x3000 dsp_lib//libarm_cortexM3l_math.a(arm_common_tables.o)
 .rodata.twiddleCoef_256_q15
                0x00000000      0x300 dsp_lib//libarm_cortexM3l_math.a(arm_common_tables.o)
 .rodata.twiddleCoef_512_q15
                0x00000000      0x600 dsp_lib//libarm_cortexM3l_math.a(arm_common_tables.o)
 .rodata.twiddleCoef_256_q31
                0x00000000      0x600 dsp_lib//libarm_cortexM3l_math.a(arm_common_tables.o)
 .rodata.twiddleCoef_512
                0x00000000     0x1000 dsp_lib//libarm_cortexM3l_math.a(arm_common_tables.o)
 .rodata.twiddleCoef_512_q31
                0x00000000      0xc00 dsp_lib//libarm_cortexM3l_math.a(arm_common_tables.o)
 .rodata.armBitRevIndexTable2048
                0x00000000     0x1dc0 dsp_lib//libarm_cortexM3l_math.a(arm_common_tables.o)
 .rodata.armRecipTableQ15
                0x00000000       0x80 dsp_lib//libarm_cortexM3l_math.a(arm_common_tables.o)
 .rodata.twiddleCoef_64
                0x00000000      0x200 dsp_lib//libarm_cortexM3l_math.a(arm_common_tables.o)
 .rodata.armBitRevIndexTable4096
                0x00000000     0x1f80 dsp_lib//libarm_cortexM3l_math.a(arm_common_tables.o)
 .rodata.armRecipTableQ31
                0x00000000      0x100 dsp_lib//libarm_cortexM3l_math.a(arm_common_tables.o)
 .rodata.twiddleCoef_rfft_512
                0x00000000      0x800 dsp_lib//libarm_cortexM3l_math.a(arm_common_tables.o)
 .rodata.armBitRevIndexTable512
                0x00000000      0x380 dsp_lib//libarm_cortexM3l_math.a(arm_common_tables.o)
 .rodata.armBitRevIndexTable_fixed_512
                0x00000000      0x3c0 dsp_lib//libarm_cortexM3l_math.a(arm_common_tables.o)
 .rodata.armBitRevIndexTable_fixed_16
                0x00000000       0x18 dsp_lib//libarm_cortexM3l_math.a(arm_common_tables.o)
 .rodata.twiddleCoef_128_q15
                0x00000000      0x180 dsp_lib//libarm_cortexM3l_math.a(arm_common_tables.o)
 .rodata.twiddleCoef_rfft_1024
                0x00000000     0x1000 dsp_lib//libarm_cortexM3l_math.a(arm_common_tables.o)
 .rodata.twiddleCoef_rfft_256
                0x00000000      0x400 dsp_lib//libarm_cortexM3l_math.a(arm_common_tables.o)
 .rodata.armBitRevIndexTable256
                0x00000000      0x370 dsp_lib//libarm_cortexM3l_math.a(arm_common_tables.o)
 .rodata.armBitRevIndexTable_fixed_32
                0x00000000       0x30 dsp_lib//libarm_cortexM3l_math.a(arm_common_tables.o)
 .rodata.armBitRevIndexTable_fixed_256
                0x00000000      0x1e0 dsp_lib//libarm_cortexM3l_math.a(arm_common_tables.o)
 .rodata.armBitRevIndexTable_fixed_64
                0x00000000       0x70 dsp_lib//libarm_cortexM3l_math.a(arm_common_tables.o)
 .rodata.twiddleCoef_rfft_128
                0x00000000      0x200 dsp_lib//libarm_cortexM3l_math.a(arm_common_tables.o)
 .rodata.armBitRevIndexTable128
                0x00000000      0x1a0 dsp_lib//libarm_cortexM3l_math.a(arm_common_tables.o)
 .rodata.twiddleCoef_4096
                0x00000000     0x8000 dsp_lib//libarm_cortexM3l_math.a(arm_common_tables.o)
 .rodata.twiddleCoef_128_q31
                0x00000000      0x300 dsp_lib//libarm_cortexM3l_math.a(arm_common_tables.o)
 .text          0x00000000      0x168 /opt/arm-none-eabi/bin/../lib/gcc/arm-none-eabi/13.3.1/thumb/v7-m/nofp/libgcc.a(_arm_mulsf3.o)
 .data          0x00000000        0x0 /opt/arm-none-eabi/bin/../lib/gcc/arm-none-eabi/13.3.1/thumb/v7-m/nofp/libgcc.a(_arm_mulsf3.o)
 .bss           0x00000000        0x0 /opt/arm-none-eabi/bin/../lib/gcc/arm-none-eabi/13.3.1/thumb/v7-m/nofp/libgcc.a(_arm_mulsf3.o)
 .debug_line_str
                0x00000000       0xc3 /opt/arm-none-eabi/bin/../lib/gcc/arm-none-eabi/13.3.1/thumb/v7-m/nofp/libgcc.a(_arm_mulsf3.o)
 .debug_frame   0x00000000       0x24 /opt/arm-none-eabi/bin/../lib/gcc/arm-none-eabi/13.3.1/thumb/v7-m/nofp/libgcc.a(_arm_mulsf3.o)
 .ARM.attributes
                0x00000000       0x1d /opt/arm-none-eabi/bin/../lib/gcc/arm-none-eabi/13.3.1/thumb/v7-m/nofp/libgcc.a(_arm_mulsf3.o)
 .data          0x00000000        0x0 /opt/arm-none-eabi/bin/../lib/gcc/arm-none-eabi/13.3.1/thumb/v7-m/nofp/libgcc.a(_arm_addsubsf3.o)
 .bss           0x00000000        0x0 /opt/arm-none-eabi/bin/../lib/gcc/arm-none-eabi/13.3.1/thumb/v7-m/nofp/libgcc.a(_arm_addsubsf3.o)
 .data          0x00000000        0x0 /opt/arm-none-eabi/bin/../lib/gcc/arm-none-eabi/13.3.1/thumb/v7-m/nofp/libgcc.a(_arm_muldivsf3.o)
 .bss           0x00000000        0x0 /opt/arm-none-eabi/bin/../lib/gcc/arm-none-eabi/13.3.1/thumb/v7-m/nofp/libgcc.a(_arm_muldivsf3.o)
 .data          0x00000000        0x0 /opt/arm-none-eabi/bin/../lib/gcc/arm-none-eabi/13.3.1/thumb/v7-m/nofp/libgcc.a(_arm_fixsfsi.o)
 .bss           0x00000000        0x0 /opt/arm-none-eabi/bin/../lib/gcc/arm-none-eabi/13.3.1/thumb/v7-m/nofp/libgcc.a(_arm_fixsfsi.o)
 .data          0x00000000        0x0 /opt/arm-none-eabi/bin/../lib/gcc/arm-none-eabi/13.3.1/thumb/v7-m/nofp/libgcc.a(_arm_fixunssfsi.o)
 .bss           0x00000000        0x0 /opt/arm-none-eabi/bin/../lib/gcc/arm-none-eabi/13.3.1/thumb/v7-m/nofp/libgcc.a(_arm_fixunssfsi.o)
 .text          0x00000000        0x0 /opt/arm-none-eabi/bin/../lib/gcc/arm-none-eabi/13.3.1/../../../../arm-none-eabi/lib/thumb/v7-m/nofp/libc_nano.a(libc_a-exit.o)
 .data          0x00000000        0x0 /opt/arm-none-eabi/bin/../lib/gcc/arm-none-eabi/13.3.1/../../../../arm-none-eabi/lib/thumb/v7-m/nofp/libc_nano.a(libc_a-exit.o)
 .bss           0x00000000        0x0 /opt/arm-none-eabi/bin/../lib/gcc/arm-none-eabi/13.3.1/../../../../arm-none-eabi/lib/thumb/v7-m/nofp/libc_nano.a(libc_a-exit.o)
 .text.exit     0x00000000       0x24 /opt/arm-none-eabi/bin/../lib/gcc/arm-none-eabi/13.3.1/../../../../arm-none-eabi/lib/thumb/v7-m/nofp/libc_nano.a(libc_a-exit.o)
 .debug_frame   0x00000000       0x28 /opt/arm-none-eabi/bin/../lib/gcc/arm-none-eabi/13.3.1/../../../../arm-none-eabi/lib/thumb/v7-m/nofp/libc_nano.a(libc_a-exit.o)
 .ARM.attributes
                0x00000000       0x2d /opt/arm-none-eabi/bin/../lib/gcc/arm-none-eabi/13.3.1/../../../../arm-none-eabi/lib/thumb/v7-m/nofp/libc_nano.a(libc_a-exit.o)
 .text          0x00000000        0x0 /opt/arm-none-eabi/bin/../lib/gcc/arm-none-eabi/13.3.1/../../../../arm-none-eabi/lib/thumb/v7-m/nofp/libc_nano.a(libc_a-init.o)
 .data          0x00000000        0x0 /opt/arm-none-eabi/bin/../lib/gcc/arm-none-eabi/13.3.1/../../../../arm-none-eabi/lib/thumb/v7-m/nofp/libc_nano.a(libc_a-init.o)
 .bss           0x00000000        0x0 /opt/arm-none-eabi/bin/../lib/gcc/arm-none-eabi/13.3.1/../../../../arm-none-eabi/lib/thumb/v7-m/nofp/libc_nano.a(libc_a-init.o)
 .text          0x00000000        0x0 /opt/arm-none-eabi/bin/../lib/gcc/arm-none-eabi/13.3.1/../../../../arm-none-eabi/lib/thumb/v7-m/nofp/libc_nano.a(libc_a-memset.o)
 .data          0x00000000        0x0 /opt/arm-none-eabi/bin/../lib/gcc/arm-none-eabi/13.3.1/../../../../arm-none-eabi/lib/thumb/v7-m/nofp/libc_nano.a(libc_a-memset.o)
 .bss           0x00000000        0x0 /opt/arm-none-eabi/bin/../lib/gcc/arm-none-eabi/13.3.1/../../../../arm-none-eabi/lib/thumb/v7-m/nofp/libc_nano.a(libc_a-memset.o)
 .text          0x00000000        0x0 /opt/arm-none-eabi/bin/../lib/gcc/arm-none-eabi/13.3.1/../../../../arm-none-eabi/lib/thumb/v7-m/nofp/libc_nano.a(libc_a-findfp.o)
 .data          0x00000000        0x0 /opt/arm-none-eabi/bin/../lib/gcc/arm-none-eabi/13.3.1/../../../../arm-none-eabi/lib/thumb/v7-m/nofp/libc_nano.a(libc_a-findfp.o)
 .bss           0x00000000        0x0 /opt/arm-none-eabi/bin/../lib/gcc/arm-none-eabi/13.3.1/../../../../arm-none-eabi/lib/thumb/v7-m/nofp/libc_nano.a(libc_a-findfp.o)
 .text.std      0x00000000       0x6c /opt/arm-none-eabi/bin/../lib/gcc/arm-none-eabi/13.3.1/../../../../arm-none-eabi/lib/thumb/v7-m/nofp/libc_nano.a(libc_a-findfp.o)
 .text.stdio_exit_handler
                0x00000000       0x18 /opt/arm-none-eabi/bin/../lib/gcc/arm-none-eabi/13.3.1/../../../../arm-none-eabi/lib/thumb/v7-m/nofp/libc_nano.a(libc_a-findfp.o)
 .text.cleanup_stdio
                0x00000000       0x40 /opt/arm-none-eabi/bin/../lib/gcc/arm-none-eabi/13.3.1/../../../../arm-none-eabi/lib/thumb/v7-m/nofp/libc_nano.a(libc_a-findfp.o)
 .text.__fp_lock
                0x00000000       0x18 /opt/arm-none-eabi/bin/../lib/gcc/arm-none-eabi/13.3.1/../../../../arm-none-eabi/lib/thumb/v7-m/nofp/libc_nano.a(libc_a-findfp.o)
 .text.__fp_unlock
                0x00000000       0x18 /opt/arm-none-eabi/bin/../lib/gcc/arm-none-eabi/13.3.1/../../../../arm-none-eabi/lib/thumb/v7-m/nofp/libc_nano.a(libc_a-findfp.o)
 .text.global_stdio_init.part.0
                0x00000000       0x3c /opt/arm-none-eabi/bin/../lib/gcc/arm-none-eabi/13.3.1/../../../../arm-none-eabi/lib/thumb/v7-m/nofp/libc_nano.a(libc_a-findfp.o)
 .text.__sfp_lock_acquire
                0x00000000        0xc /opt/arm-none-eabi/bin/../lib/gcc/arm-none-eabi/13.3.1/../../../../arm-none-eabi/lib/thumb/v7-m/nofp/libc_nano.a(libc_a-findfp.o)
 .text.__sfp_lock_release
                0x00000000        0xc /opt/arm-none-eabi/bin/../lib/gcc/arm-none-eabi/13.3.1/../../../../arm-none-eabi/lib/thumb/v7-m/nofp/libc_nano.a(libc_a-findfp.o)
 .text.__sfp    0x00000000       0xa4 /opt/arm-none-eabi/bin/../lib/gcc/arm-none-eabi/13.3.1/../../../../arm-none-eabi/lib/thumb/v7-m/nofp/libc_nano.a(libc_a-findfp.o)
 .text.__sinit  0x00000000       0x30 /opt/arm-none-eabi/bin/../lib/gcc/arm-none-eabi/13.3.1/../../../../arm-none-eabi/lib/thumb/v7-m/nofp/libc_nano.a(libc_a-findfp.o)
 .text.__fp_lock_all
                0x00000000       0x1c /opt/arm-none-eabi/bin/../lib/gcc/arm-none-eabi/13.3.1/../../../../arm-none-eabi/lib/thumb/v7-m/nofp/libc_nano.a(libc_a-findfp.o)
 .text.__fp_unlock_all
                0x00000000       0x1c /opt/arm-none-eabi/bin/../lib/gcc/arm-none-eabi/13.3.1/../../../../arm-none-eabi/lib/thumb/v7-m/nofp/libc_nano.a(libc_a-findfp.o)
 .data.__sglue  0x00000000        0xc /opt/arm-none-eabi/bin/../lib/gcc/arm-none-eabi/13.3.1/../../../../arm-none-eabi/lib/thumb/v7-m/nofp/libc_nano.a(libc_a-findfp.o)
 .bss.__sf      0x00000000      0x138 /opt/arm-none-eabi/bin/../lib/gcc/arm-none-eabi/13.3.1/../../../../arm-none-eabi/lib/thumb/v7-m/nofp/libc_nano.a(libc_a-findfp.o)
 .bss.__stdio_exit_handler
                0x00000000        0x4 /opt/arm-none-eabi/bin/../lib/gcc/arm-none-eabi/13.3.1/../../../../arm-none-eabi/lib/thumb/v7-m/nofp/libc_nano.a(libc_a-findfp.o)
 .debug_frame   0x00000000      0x144 /opt/arm-none-eabi/bin/../lib/gcc/arm-none-eabi/13.3.1/../../../../arm-none-eabi/lib/thumb/v7-m/nofp/libc_nano.a(libc_a-findfp.o)
 .ARM.attributes
                0x00000000       0x2d /opt/arm-none-eabi/bin/../lib/gcc/arm-none-eabi/13.3.1/../../../../arm-none-eabi/lib/thumb/v7-m/nofp/libc_nano.a(libc_a-findfp.o)
 .text          0x00000000        0x0 /opt/arm-none-eabi/bin/../lib/gcc/arm-none-eabi/13.3.1/../../../../arm-none-eabi/lib/thumb/v7-m/nofp/libc_nano.a(libc_a-stdio.o)
 .data          0x00000000        0x0 /opt/arm-none-eabi/bin/../lib/gcc/arm-none-eabi/13.3.1/../../../../arm-none-eabi/lib/thumb/v7-m/nofp/libc_nano.a(libc_a-stdio.o)
 .bss           0x00000000        0x0 /opt/arm-none-eabi/bin/../lib/gcc/arm-none-eabi/13.3.1/../../../../arm-none-eabi/lib/thumb/v7-m/nofp/libc_nano.a(libc_a-stdio.o)
 .text.__sread  0x00000000       0x22 /opt/arm-none-eabi/bin/../lib/gcc/arm-none-eabi/13.3.1/../../../../arm-none-eabi/lib/thumb/v7-m/nofp/libc_nano.a(libc_a-stdio.o)
 .text.__seofread
                0x00000000        0x4 /opt/arm-none-eabi/bin/../lib/gcc/arm-none-eabi/13.3.1/../../../../arm-none-eabi/lib/thumb/v7-m/nofp/libc_nano.a(libc_a-stdio.o)
 .text.__swrite
                0x00000000       0x38 /opt/arm-none-eabi/bin/../lib/gcc/arm-none-eabi/13.3.1/../../../../arm-none-eabi/lib/thumb/v7-m/nofp/libc_nano.a(libc_a-stdio.o)
 .text.__sseek  0x00000000       0x24 /opt/arm-none-eabi/bin/../lib/gcc/arm-none-eabi/13.3.1/../../../../arm-none-eabi/lib/thumb/v7-m/nofp/libc_nano.a(libc_a-stdio.o)
 .text.__sclose
                0x00000000        0x8 /opt/arm-none-eabi/bin/../lib/gcc/arm-none-eabi/13.3.1/../../../../arm-none-eabi/lib/thumb/v7-m/nofp/libc_nano.a(libc_a-stdio.o)
 .debug_frame   0x00000000       0x88 /opt/arm-none-eabi/bin/../lib/gcc/arm-none-eabi/13.3.1/../../../../arm-none-eabi/lib/thumb/v7-m/nofp/libc_nano.a(libc_a-stdio.o)
 .ARM.attributes
                0x00000000       0x2d /opt/arm-none-eabi/bin/../lib/gcc/arm-none-eabi/13.3.1/../../../../arm-none-eabi/lib/thumb/v7-m/nofp/libc_nano.a(libc_a-stdio.o)
 .text          0x00000000        0x0 /opt/arm-none-eabi/bin/../lib/gcc/arm-none-eabi/13.3.1/../../../../arm-none-eabi/lib/thumb/v7-m/nofp/libc_nano.a(libc_a-lseekr.o)
 .data          0x00000000        0x0 /opt/arm-none-eabi/bin/../lib/gcc/arm-none-eabi/13.3.1/../../../../arm-none-eabi/lib/thumb/v7-m/nofp/libc_nano.a(libc_a-lseekr.o)
 .bss           0x00000000        0x0 /opt/arm-none-eabi/bin/../lib/gcc/arm-none-eabi/13.3.1/../../../../arm-none-eabi/lib/thumb/v7-m/nofp/libc_nano.a(libc_a-lseekr.o)
 .text._lseek_r
                0x00000000       0x24 /opt/arm-none-eabi/bin/../lib/gcc/arm-none-eabi/13.3.1/../../../../arm-none-eabi/lib/thumb/v7-m/nofp/libc_nano.a(libc_a-lseekr.o)
 .debug_frame   0x00000000       0x2c /opt/arm-none-eabi/bin/../lib/gcc/arm-none-eabi/13.3.1/../../../../arm-none-eabi/lib/thumb/v7-m/nofp/libc_nano.a(libc_a-lseekr.o)
 .ARM.attributes
                0x00000000       0x2d /opt/arm-none-eabi/bin/../lib/gcc/arm-none-eabi/13.3.1/../../../../arm-none-eabi/lib/thumb/v7-m/nofp/libc_nano.a(libc_a-lseekr.o)
 .text          0x00000000        0x0 /opt/arm-none-eabi/bin/../lib/gcc/arm-none-eabi/13.3.1/../../../../arm-none-eabi/lib/thumb/v7-m/nofp/libc_nano.a(libc_a-readr.o)
 .data          0x00000000        0x0 /opt/arm-none-eabi/bin/../lib/gcc/arm-none-eabi/13.3.1/../../../../arm-none-eabi/lib/thumb/v7-m/nofp/libc_nano.a(libc_a-readr.o)
 .bss           0x00000000        0x0 /opt/arm-none-eabi/bin/../lib/gcc/arm-none-eabi/13.3.1/../../../../arm-none-eabi/lib/thumb/v7-m/nofp/libc_nano.a(libc_a-readr.o)
 .text._read_r  0x00000000       0x24 /opt/arm-none-eabi/bin/../lib/gcc/arm-none-eabi/13.3.1/../../../../arm-none-eabi/lib/thumb/v7-m/nofp/libc_nano.a(libc_a-readr.o)
 .debug_frame   0x00000000       0x2c /opt/arm-none-eabi/bin/../lib/gcc/arm-none-eabi/13.3.1/../../../../arm-none-eabi/lib/thumb/v7-m/nofp/libc_nano.a(libc_a-readr.o)
 .ARM.attributes
                0x00000000       0x2d /opt/arm-none-eabi/bin/../lib/gcc/arm-none-eabi/13.3.1/../../../../arm-none-eabi/lib/thumb/v7-m/nofp/libc_nano.a(libc_a-readr.o)
 .text          0x00000000        0x0 /opt/arm-none-eabi/bin/../lib/gcc/arm-none-eabi/13.3.1/../../../../arm-none-eabi/lib/thumb/v7-m/nofp/libc_nano.a(libc_a-fwalk.o)
 .data          0x00000000        0x0 /opt/arm-none-eabi/bin/../lib/gcc/arm-none-eabi/13.3.1/../../../../arm-none-eabi/lib/thumb/v7-m/nofp/libc_nano.a(libc_a-fwalk.o)
 .bss           0x00000000        0x0 /opt/arm-none-eabi/bin/../lib/gcc/arm-none-eabi/13.3.1/../../../../arm-none-eabi/lib/thumb/v7-m/nofp/libc_nano.a(libc_a-fwalk.o)
 .text._fwalk_sglue
                0x00000000       0x3c /opt/arm-none-eabi/bin/../lib/gcc/arm-none-eabi/13.3.1/../../../../arm-none-eabi/lib/thumb/v7-m/nofp/libc_nano.a(libc_a-fwalk.o)
 .debug_frame   0x00000000       0x34 /opt/arm-none-eabi/bin/../lib/gcc/arm-none-eabi/13.3.1/../../../../arm-none-eabi/lib/thumb/v7-m/nofp/libc_nano.a(libc_a-fwalk.o)
 .ARM.attributes
                0x00000000       0x2d /opt/arm-none-eabi/bin/../lib/gcc/arm-none-eabi/13.3.1/../../../../arm-none-eabi/lib/thumb/v7-m/nofp/libc_nano.a(libc_a-fwalk.o)
 .text          0x00000000        0x0 /opt/arm-none-eabi/bin/../lib/gcc/arm-none-eabi/13.3.1/../../../../arm-none-eabi/lib/thumb/v7-m/nofp/libc_nano.a(libc_a-writer.o)
 .data          0x00000000        0x0 /opt/arm-none-eabi/bin/../lib/gcc/arm-none-eabi/13.3.1/../../../../arm-none-eabi/lib/thumb/v7-m/nofp/libc_nano.a(libc_a-writer.o)
 .bss           0x00000000        0x0 /opt/arm-none-eabi/bin/../lib/gcc/arm-none-eabi/13.3.1/../../../../arm-none-eabi/lib/thumb/v7-m/nofp/libc_nano.a(libc_a-writer.o)
 .text._write_r
                0x00000000       0x24 /opt/arm-none-eabi/bin/../lib/gcc/arm-none-eabi/13.3.1/../../../../arm-none-eabi/lib/thumb/v7-m/nofp/libc_nano.a(libc_a-writer.o)
 .debug_frame   0x00000000       0x2c /opt/arm-none-eabi/bin/../lib/gcc/arm-none-eabi/13.3.1/../../../../arm-none-eabi/lib/thumb/v7-m/nofp/libc_nano.a(libc_a-writer.o)
 .ARM.attributes
                0x00000000       0x2d /opt/arm-none-eabi/bin/../lib/gcc/arm-none-eabi/13.3.1/../../../../arm-none-eabi/lib/thumb/v7-m/nofp/libc_nano.a(libc_a-writer.o)
 .text          0x00000000        0x0 /opt/arm-none-eabi/bin/../lib/gcc/arm-none-eabi/13.3.1/../../../../arm-none-eabi/lib/thumb/v7-m/nofp/libc_nano.a(libc_a-lock.o)
 .data          0x00000000        0x0 /opt/arm-none-eabi/bin/../lib/gcc/arm-none-eabi/13.3.1/../../../../arm-none-eabi/lib/thumb/v7-m/nofp/libc_nano.a(libc_a-lock.o)
 .bss           0x00000000        0x0 /opt/arm-none-eabi/bin/../lib/gcc/arm-none-eabi/13.3.1/../../../../arm-none-eabi/lib/thumb/v7-m/nofp/libc_nano.a(libc_a-lock.o)
 .text.__retarget_lock_init
                0x00000000        0x2 /opt/arm-none-eabi/bin/../lib/gcc/arm-none-eabi/13.3.1/../../../../arm-none-eabi/lib/thumb/v7-m/nofp/libc_nano.a(libc_a-lock.o)
 .text.__retarget_lock_init_recursive
                0x00000000        0x2 /opt/arm-none-eabi/bin/../lib/gcc/arm-none-eabi/13.3.1/../../../../arm-none-eabi/lib/thumb/v7-m/nofp/libc_nano.a(libc_a-lock.o)
 .text.__retarget_lock_close
                0x00000000        0x2 /opt/arm-none-eabi/bin/../lib/gcc/arm-none-eabi/13.3.1/../../../../arm-none-eabi/lib/thumb/v7-m/nofp/libc_nano.a(libc_a-lock.o)
 .text.__retarget_lock_close_recursive
                0x00000000        0x2 /opt/arm-none-eabi/bin/../lib/gcc/arm-none-eabi/13.3.1/../../../../arm-none-eabi/lib/thumb/v7-m/nofp/libc_nano.a(libc_a-lock.o)
 .text.__retarget_lock_acquire
                0x00000000        0x2 /opt/arm-none-eabi/bin/../lib/gcc/arm-none-eabi/13.3.1/../../../../arm-none-eabi/lib/thumb/v7-m/nofp/libc_nano.a(libc_a-lock.o)
 .text.__retarget_lock_acquire_recursive
                0x00000000        0x2 /opt/arm-none-eabi/bin/../lib/gcc/arm-none-eabi/13.3.1/../../../../arm-none-eabi/lib/thumb/v7-m/nofp/libc_nano.a(libc_a-lock.o)
 .text.__retarget_lock_try_acquire
                0x00000000        0x4 /opt/arm-none-eabi/bin/../lib/gcc/arm-none-eabi/13.3.1/../../../../arm-none-eabi/lib/thumb/v7-m/nofp/libc_nano.a(libc_a-lock.o)
 .text.__retarget_lock_try_acquire_recursive
                0x00000000        0x4 /opt/arm-none-eabi/bin/../lib/gcc/arm-none-eabi/13.3.1/../../../../arm-none-eabi/lib/thumb/v7-m/nofp/libc_nano.a(libc_a-lock.o)
 .text.__retarget_lock_release
                0x00000000        0x2 /opt/arm-none-eabi/bin/../lib/gcc/arm-none-eabi/13.3.1/../../../../arm-none-eabi/lib/thumb/v7-m/nofp/libc_nano.a(libc_a-lock.o)
 .text.__retarget_lock_release_recursive
                0x00000000        0x2 /opt/arm-none-eabi/bin/../lib/gcc/arm-none-eabi/13.3.1/../../../../arm-none-eabi/lib/thumb/v7-m/nofp/libc_nano.a(libc_a-lock.o)
 .bss.__lock___arc4random_mutex
                0x00000000        0x1 /opt/arm-none-eabi/bin/../lib/gcc/arm-none-eabi/13.3.1/../../../../arm-none-eabi/lib/thumb/v7-m/nofp/libc_nano.a(libc_a-lock.o)
 .bss.__lock___dd_hash_mutex
                0x00000000        0x1 /opt/arm-none-eabi/bin/../lib/gcc/arm-none-eabi/13.3.1/../../../../arm-none-eabi/lib/thumb/v7-m/nofp/libc_nano.a(libc_a-lock.o)
 .bss.__lock___tz_mutex
                0x00000000        0x1 /opt/arm-none-eabi/bin/../lib/gcc/arm-none-eabi/13.3.1/../../../../arm-none-eabi/lib/thumb/v7-m/nofp/libc_nano.a(libc_a-lock.o)
 .bss.__lock___env_recursive_mutex
                0x00000000        0x1 /opt/arm-none-eabi/bin/../lib/gcc/arm-none-eabi/13.3.1/../../../../arm-none-eabi/lib/thumb/v7-m/nofp/libc_nano.a(libc_a-lock.o)
 .bss.__lock___malloc_recursive_mutex
                0x00000000        0x1 /opt/arm-none-eabi/bin/../lib/gcc/arm-none-eabi/13.3.1/../../../../arm-none-eabi/lib/thumb/v7-m/nofp/libc_nano.a(libc_a-lock.o)
 .bss.__lock___at_quick_exit_mutex
                0x00000000        0x1 /opt/arm-none-eabi/bin/../lib/gcc/arm-none-eabi/13.3.1/../../../../arm-none-eabi/lib/thumb/v7-m/nofp/libc_nano.a(libc_a-lock.o)
 .bss.__lock___atexit_recursive_mutex
                0x00000000        0x1 /opt/arm-none-eabi/bin/../lib/gcc/arm-none-eabi/13.3.1/../../../../arm-none-eabi/lib/thumb/v7-m/nofp/libc_nano.a(libc_a-lock.o)
 .bss.__lock___sfp_recursive_mutex
                0x00000000        0x1 /opt/arm-none-eabi/bin/../lib/gcc/arm-none-eabi/13.3.1/../../../../arm-none-eabi/lib/thumb/v7-m/nofp/libc_nano.a(libc_a-lock.o)
 .debug_frame   0x00000000       0xb0 /opt/arm-none-eabi/bin/../lib/gcc/arm-none-eabi/13.3.1/../../../../arm-none-eabi/lib/thumb/v7-m/nofp/libc_nano.a(libc_a-lock.o)
 .ARM.attributes
                0x00000000       0x2d /opt/arm-none-eabi/bin/../lib/gcc/arm-none-eabi/13.3.1/../../../../arm-none-eabi/lib/thumb/v7-m/nofp/libc_nano.a(libc_a-lock.o)
 .text          0x00000000        0x0 /opt/arm-none-eabi/bin/../lib/gcc/arm-none-eabi/13.3.1/../../../../arm-none-eabi/lib/thumb/v7-m/nofp/libc_nano.a(libc_a-fflush.o)
 .data          0x00000000        0x0 /opt/arm-none-eabi/bin/../lib/gcc/arm-none-eabi/13.3.1/../../../../arm-none-eabi/lib/thumb/v7-m/nofp/libc_nano.a(libc_a-fflush.o)
 .bss           0x00000000        0x0 /opt/arm-none-eabi/bin/../lib/gcc/arm-none-eabi/13.3.1/../../../../arm-none-eabi/lib/thumb/v7-m/nofp/libc_nano.a(libc_a-fflush.o)
 .text.__sflush_r
                0x00000000      0x100 /opt/arm-none-eabi/bin/../lib/gcc/arm-none-eabi/13.3.1/../../../../arm-none-eabi/lib/thumb/v7-m/nofp/libc_nano.a(libc_a-fflush.o)
 .text._fflush_r
                0x00000000       0x50 /opt/arm-none-eabi/bin/../lib/gcc/arm-none-eabi/13.3.1/../../../../arm-none-eabi/lib/thumb/v7-m/nofp/libc_nano.a(libc_a-fflush.o)
 .text.fflush   0x00000000       0x28 /opt/arm-none-eabi/bin/../lib/gcc/arm-none-eabi/13.3.1/../../../../arm-none-eabi/lib/thumb/v7-m/nofp/libc_nano.a(libc_a-fflush.o)
 .debug_frame   0x00000000       0x5c /opt/arm-none-eabi/bin/../lib/gcc/arm-none-eabi/13.3.1/../../../../arm-none-eabi/lib/thumb/v7-m/nofp/libc_nano.a(libc_a-fflush.o)
 .ARM.attributes
                0x00000000       0x2d /opt/arm-none-eabi/bin/../lib/gcc/arm-none-eabi/13.3.1/../../../../arm-none-eabi/lib/thumb/v7-m/nofp/libc_nano.a(libc_a-fflush.o)
 .text          0x00000000        0x0 /opt/arm-none-eabi/bin/../lib/gcc/arm-none-eabi/13.3.1/../../../../arm-none-eabi/lib/thumb/v7-m/nofp/libc_nano.a(libc_a-mallocr.o)
 .data          0x00000000        0x0 /opt/arm-none-eabi/bin/../lib/gcc/arm-none-eabi/13.3.1/../../../../arm-none-eabi/lib/thumb/v7-m/nofp/libc_nano.a(libc_a-mallocr.o)
 .bss           0x00000000        0x0 /opt/arm-none-eabi/bin/../lib/gcc/arm-none-eabi/13.3.1/../../../../arm-none-eabi/lib/thumb/v7-m/nofp/libc_nano.a(libc_a-mallocr.o)
 .text.sbrk_aligned
                0x00000000       0x44 /opt/arm-none-eabi/bin/../lib/gcc/arm-none-eabi/13.3.1/../../../../arm-none-eabi/lib/thumb/v7-m/nofp/libc_nano.a(libc_a-mallocr.o)
 .text._malloc_r
                0x00000000      0x100 /opt/arm-none-eabi/bin/../lib/gcc/arm-none-eabi/13.3.1/../../../../arm-none-eabi/lib/thumb/v7-m/nofp/libc_nano.a(libc_a-mallocr.o)
 .bss.__malloc_sbrk_start
                0x00000000        0x4 /opt/arm-none-eabi/bin/../lib/gcc/arm-none-eabi/13.3.1/../../../../arm-none-eabi/lib/thumb/v7-m/nofp/libc_nano.a(libc_a-mallocr.o)
 .bss.__malloc_free_list
                0x00000000        0x4 /opt/arm-none-eabi/bin/../lib/gcc/arm-none-eabi/13.3.1/../../../../arm-none-eabi/lib/thumb/v7-m/nofp/libc_nano.a(libc_a-mallocr.o)
 .debug_frame   0x00000000       0x50 /opt/arm-none-eabi/bin/../lib/gcc/arm-none-eabi/13.3.1/../../../../arm-none-eabi/lib/thumb/v7-m/nofp/libc_nano.a(libc_a-mallocr.o)
 .ARM.attributes
                0x00000000       0x2d /opt/arm-none-eabi/bin/../lib/gcc/arm-none-eabi/13.3.1/../../../../arm-none-eabi/lib/thumb/v7-m/nofp/libc_nano.a(libc_a-mallocr.o)
 .text          0x00000000        0x0 /opt/arm-none-eabi/bin/../lib/gcc/arm-none-eabi/13.3.1/../../../../arm-none-eabi/lib/thumb/v7-m/nofp/libc_nano.a(libc_a-closer.o)
 .data          0x00000000        0x0 /opt/arm-none-eabi/bin/../lib/gcc/arm-none-eabi/13.3.1/../../../../arm-none-eabi/lib/thumb/v7-m/nofp/libc_nano.a(libc_a-closer.o)
 .bss           0x00000000        0x0 /opt/arm-none-eabi/bin/../lib/gcc/arm-none-eabi/13.3.1/../../../../arm-none-eabi/lib/thumb/v7-m/nofp/libc_nano.a(libc_a-closer.o)
 .text._close_r
                0x00000000       0x20 /opt/arm-none-eabi/bin/../lib/gcc/arm-none-eabi/13.3.1/../../../../arm-none-eabi/lib/thumb/v7-m/nofp/libc_nano.a(libc_a-closer.o)
 .debug_frame   0x00000000       0x2c /opt/arm-none-eabi/bin/../lib/gcc/arm-none-eabi/13.3.1/../../../../arm-none-eabi/lib/thumb/v7-m/nofp/libc_nano.a(libc_a-closer.o)
 .ARM.attributes
                0x00000000       0x2d /opt/arm-none-eabi/bin/../lib/gcc/arm-none-eabi/13.3.1/../../../../arm-none-eabi/lib/thumb/v7-m/nofp/libc_nano.a(libc_a-closer.o)
 .text          0x00000000        0x0 /opt/arm-none-eabi/bin/../lib/gcc/arm-none-eabi/13.3.1/../../../../arm-none-eabi/lib/thumb/v7-m/nofp/libc_nano.a(libc_a-reent.o)
 .data          0x00000000        0x0 /opt/arm-none-eabi/bin/../lib/gcc/arm-none-eabi/13.3.1/../../../../arm-none-eabi/lib/thumb/v7-m/nofp/libc_nano.a(libc_a-reent.o)
 .bss           0x00000000        0x0 /opt/arm-none-eabi/bin/../lib/gcc/arm-none-eabi/13.3.1/../../../../arm-none-eabi/lib/thumb/v7-m/nofp/libc_nano.a(libc_a-reent.o)
 .text._reclaim_reent
                0x00000000       0xbc /opt/arm-none-eabi/bin/../lib/gcc/arm-none-eabi/13.3.1/../../../../arm-none-eabi/lib/thumb/v7-m/nofp/libc_nano.a(libc_a-reent.o)
 .bss.errno     0x00000000        0x4 /opt/arm-none-eabi/bin/../lib/gcc/arm-none-eabi/13.3.1/../../../../arm-none-eabi/lib/thumb/v7-m/nofp/libc_nano.a(libc_a-reent.o)
 .debug_frame   0x00000000       0x38 /opt/arm-none-eabi/bin/../lib/gcc/arm-none-eabi/13.3.1/../../../../arm-none-eabi/lib/thumb/v7-m/nofp/libc_nano.a(libc_a-reent.o)
 .ARM.attributes
                0x00000000       0x2d /opt/arm-none-eabi/bin/../lib/gcc/arm-none-eabi/13.3.1/../../../../arm-none-eabi/lib/thumb/v7-m/nofp/libc_nano.a(libc_a-reent.o)
 .text          0x00000000        0x0 /opt/arm-none-eabi/bin/../lib/gcc/arm-none-eabi/13.3.1/../../../../arm-none-eabi/lib/thumb/v7-m/nofp/libc_nano.a(libc_a-impure.o)
 .data          0x00000000        0x0 /opt/arm-none-eabi/bin/../lib/gcc/arm-none-eabi/13.3.1/../../../../arm-none-eabi/lib/thumb/v7-m/nofp/libc_nano.a(libc_a-impure.o)
 .bss           0x00000000        0x0 /opt/arm-none-eabi/bin/../lib/gcc/arm-none-eabi/13.3.1/../../../../arm-none-eabi/lib/thumb/v7-m/nofp/libc_nano.a(libc_a-impure.o)
 .data._impure_ptr
                0x00000000        0x4 /opt/arm-none-eabi/bin/../lib/gcc/arm-none-eabi/13.3.1/../../../../arm-none-eabi/lib/thumb/v7-m/nofp/libc_nano.a(libc_a-impure.o)
 .data._impure_data
                0x00000000       0x4c /opt/arm-none-eabi/bin/../lib/gcc/arm-none-eabi/13.3.1/../../../../arm-none-eabi/lib/thumb/v7-m/nofp/libc_nano.a(libc_a-impure.o)
 .ARM.attributes
                0x00000000       0x2d /opt/arm-none-eabi/bin/../lib/gcc/arm-none-eabi/13.3.1/../../../../arm-none-eabi/lib/thumb/v7-m/nofp/libc_nano.a(libc_a-impure.o)
 .text          0x00000000        0x0 /opt/arm-none-eabi/bin/../lib/gcc/arm-none-eabi/13.3.1/../../../../arm-none-eabi/lib/thumb/v7-m/nofp/libc_nano.a(libc_a-mlock.o)
 .data          0x00000000        0x0 /opt/arm-none-eabi/bin/../lib/gcc/arm-none-eabi/13.3.1/../../../../arm-none-eabi/lib/thumb/v7-m/nofp/libc_nano.a(libc_a-mlock.o)
 .bss           0x00000000        0x0 /opt/arm-none-eabi/bin/../lib/gcc/arm-none-eabi/13.3.1/../../../../arm-none-eabi/lib/thumb/v7-m/nofp/libc_nano.a(libc_a-mlock.o)
 .text.__malloc_lock
                0x00000000        0xc /opt/arm-none-eabi/bin/../lib/gcc/arm-none-eabi/13.3.1/../../../../arm-none-eabi/lib/thumb/v7-m/nofp/libc_nano.a(libc_a-mlock.o)
 .text.__malloc_unlock
                0x00000000        0xc /opt/arm-none-eabi/bin/../lib/gcc/arm-none-eabi/13.3.1/../../../../arm-none-eabi/lib/thumb/v7-m/nofp/libc_nano.a(libc_a-mlock.o)
 .debug_frame   0x00000000       0x30 /opt/arm-none-eabi/bin/../lib/gcc/arm-none-eabi/13.3.1/../../../../arm-none-eabi/lib/thumb/v7-m/nofp/libc_nano.a(libc_a-mlock.o)
 .ARM.attributes
                0x00000000       0x2d /opt/arm-none-eabi/bin/../lib/gcc/arm-none-eabi/13.3.1/../../../../arm-none-eabi/lib/thumb/v7-m/nofp/libc_nano.a(libc_a-mlock.o)
 .text          0x00000000        0x0 /opt/arm-none-eabi/bin/../lib/gcc/arm-none-eabi/13.3.1/../../../../arm-none-eabi/lib/thumb/v7-m/nofp/libc_nano.a(libc_a-sbrkr.o)
 .data          0x00000000        0x0 /opt/arm-none-eabi/bin/../lib/gcc/arm-none-eabi/13.3.1/../../../../arm-none-eabi/lib/thumb/v7-m/nofp/libc_nano.a(libc_a-sbrkr.o)
 .bss           0x00000000        0x0 /opt/arm-none-eabi/bin/../lib/gcc/arm-none-eabi/13.3.1/../../../../arm-none-eabi/lib/thumb/v7-m/nofp/libc_nano.a(libc_a-sbrkr.o)
 .text._sbrk_r  0x00000000       0x20 /opt/arm-none-eabi/bin/../lib/gcc/arm-none-eabi/13.3.1/../../../../arm-none-eabi/lib/thumb/v7-m/nofp/libc_nano.a(libc_a-sbrkr.o)
 .debug_frame   0x00000000       0x2c /opt/arm-none-eabi/bin/../lib/gcc/arm-none-eabi/13.3.1/../../../../arm-none-eabi/lib/thumb/v7-m/nofp/libc_nano.a(libc_a-sbrkr.o)
 .ARM.attributes
                0x00000000       0x2d /opt/arm-none-eabi/bin/../lib/gcc/arm-none-eabi/13.3.1/../../../../arm-none-eabi/lib/thumb/v7-m/nofp/libc_nano.a(libc_a-sbrkr.o)
 .text          0x00000000        0x0 /opt/arm-none-eabi/bin/../lib/gcc/arm-none-eabi/13.3.1/../../../../arm-none-eabi/lib/thumb/v7-m/nofp/libc_nano.a(libc_a-freer.o)
 .data          0x00000000        0x0 /opt/arm-none-eabi/bin/../lib/gcc/arm-none-eabi/13.3.1/../../../../arm-none-eabi/lib/thumb/v7-m/nofp/libc_nano.a(libc_a-freer.o)
 .bss           0x00000000        0x0 /opt/arm-none-eabi/bin/../lib/gcc/arm-none-eabi/13.3.1/../../../../arm-none-eabi/lib/thumb/v7-m/nofp/libc_nano.a(libc_a-freer.o)
 .text._free_r  0x00000000       0x90 /opt/arm-none-eabi/bin/../lib/gcc/arm-none-eabi/13.3.1/../../../../arm-none-eabi/lib/thumb/v7-m/nofp/libc_nano.a(libc_a-freer.o)
 .debug_frame   0x00000000       0x38 /opt/arm-none-eabi/bin/../lib/gcc/arm-none-eabi/13.3.1/../../../../arm-none-eabi/lib/thumb/v7-m/nofp/libc_nano.a(libc_a-freer.o)
 .ARM.attributes
                0x00000000       0x2d /opt/arm-none-eabi/bin/../lib/gcc/arm-none-eabi/13.3.1/../../../../arm-none-eabi/lib/thumb/v7-m/nofp/libc_nano.a(libc_a-freer.o)
 .text          0x00000000        0x0 /opt/arm-none-eabi/bin/../lib/gcc/arm-none-eabi/13.3.1/../../../../arm-none-eabi/lib/thumb/v7-m/nofp/libnosys.a(close.o)
 .data          0x00000000        0x0 /opt/arm-none-eabi/bin/../lib/gcc/arm-none-eabi/13.3.1/../../../../arm-none-eabi/lib/thumb/v7-m/nofp/libnosys.a(close.o)
 .bss           0x00000000        0x0 /opt/arm-none-eabi/bin/../lib/gcc/arm-none-eabi/13.3.1/../../../../arm-none-eabi/lib/thumb/v7-m/nofp/libnosys.a(close.o)
 .text._close   0x00000000       0x10 /opt/arm-none-eabi/bin/../lib/gcc/arm-none-eabi/13.3.1/../../../../arm-none-eabi/lib/thumb/v7-m/nofp/libnosys.a(close.o)
 .gnu.warning._close
                0x00000000        0x0 /opt/arm-none-eabi/bin/../lib/gcc/arm-none-eabi/13.3.1/../../../../arm-none-eabi/lib/thumb/v7-m/nofp/libnosys.a(close.o)
 .debug_frame   0x00000000       0x20 /opt/arm-none-eabi/bin/../lib/gcc/arm-none-eabi/13.3.1/../../../../arm-none-eabi/lib/thumb/v7-m/nofp/libnosys.a(close.o)
 .ARM.attributes
                0x00000000       0x2d /opt/arm-none-eabi/bin/../lib/gcc/arm-none-eabi/13.3.1/../../../../arm-none-eabi/lib/thumb/v7-m/nofp/libnosys.a(close.o)
 .text          0x00000000        0x0 /opt/arm-none-eabi/bin/../lib/gcc/arm-none-eabi/13.3.1/../../../../arm-none-eabi/lib/thumb/v7-m/nofp/libnosys.a(lseek.o)
 .data          0x00000000        0x0 /opt/arm-none-eabi/bin/../lib/gcc/arm-none-eabi/13.3.1/../../../../arm-none-eabi/lib/thumb/v7-m/nofp/libnosys.a(lseek.o)
 .bss           0x00000000        0x0 /opt/arm-none-eabi/bin/../lib/gcc/arm-none-eabi/13.3.1/../../../../arm-none-eabi/lib/thumb/v7-m/nofp/libnosys.a(lseek.o)
 .text._lseek   0x00000000       0x10 /opt/arm-none-eabi/bin/../lib/gcc/arm-none-eabi/13.3.1/../../../../arm-none-eabi/lib/thumb/v7-m/nofp/libnosys.a(lseek.o)
 .gnu.warning._lseek
                0x00000000        0x0 /opt/arm-none-eabi/bin/../lib/gcc/arm-none-eabi/13.3.1/../../../../arm-none-eabi/lib/thumb/v7-m/nofp/libnosys.a(lseek.o)
 .debug_frame   0x00000000       0x20 /opt/arm-none-eabi/bin/../lib/gcc/arm-none-eabi/13.3.1/../../../../arm-none-eabi/lib/thumb/v7-m/nofp/libnosys.a(lseek.o)
 .ARM.attributes
                0x00000000       0x2d /opt/arm-none-eabi/bin/../lib/gcc/arm-none-eabi/13.3.1/../../../../arm-none-eabi/lib/thumb/v7-m/nofp/libnosys.a(lseek.o)
 .text          0x00000000        0x0 /opt/arm-none-eabi/bin/../lib/gcc/arm-none-eabi/13.3.1/../../../../arm-none-eabi/lib/thumb/v7-m/nofp/libnosys.a(read.o)
 .data          0x00000000        0x0 /opt/arm-none-eabi/bin/../lib/gcc/arm-none-eabi/13.3.1/../../../../arm-none-eabi/lib/thumb/v7-m/nofp/libnosys.a(read.o)
 .bss           0x00000000        0x0 /opt/arm-none-eabi/bin/../lib/gcc/arm-none-eabi/13.3.1/../../../../arm-none-eabi/lib/thumb/v7-m/nofp/libnosys.a(read.o)
 .text._read    0x00000000       0x10 /opt/arm-none-eabi/bin/../lib/gcc/arm-none-eabi/13.3.1/../../../../arm-none-eabi/lib/thumb/v7-m/nofp/libnosys.a(read.o)
 .gnu.warning._read
                0x00000000        0x0 /opt/arm-none-eabi/bin/../lib/gcc/arm-none-eabi/13.3.1/../../../../arm-none-eabi/lib/thumb/v7-m/nofp/libnosys.a(read.o)
 .debug_frame   0x00000000       0x20 /opt/arm-none-eabi/bin/../lib/gcc/arm-none-eabi/13.3.1/../../../../arm-none-eabi/lib/thumb/v7-m/nofp/libnosys.a(read.o)
 .ARM.attributes
                0x00000000       0x2d /opt/arm-none-eabi/bin/../lib/gcc/arm-none-eabi/13.3.1/../../../../arm-none-eabi/lib/thumb/v7-m/nofp/libnosys.a(read.o)
 .text          0x00000000        0x0 /opt/arm-none-eabi/bin/../lib/gcc/arm-none-eabi/13.3.1/../../../../arm-none-eabi/lib/thumb/v7-m/nofp/libnosys.a(sbrk.o)
 .data          0x00000000        0x0 /opt/arm-none-eabi/bin/../lib/gcc/arm-none-eabi/13.3.1/../../../../arm-none-eabi/lib/thumb/v7-m/nofp/libnosys.a(sbrk.o)
 .bss           0x00000000        0x0 /opt/arm-none-eabi/bin/../lib/gcc/arm-none-eabi/13.3.1/../../../../arm-none-eabi/lib/thumb/v7-m/nofp/libnosys.a(sbrk.o)
 .text._sbrk    0x00000000       0x1c /opt/arm-none-eabi/bin/../lib/gcc/arm-none-eabi/13.3.1/../../../../arm-none-eabi/lib/thumb/v7-m/nofp/libnosys.a(sbrk.o)
 .bss.heap_end.0
                0x00000000        0x4 /opt/arm-none-eabi/bin/../lib/gcc/arm-none-eabi/13.3.1/../../../../arm-none-eabi/lib/thumb/v7-m/nofp/libnosys.a(sbrk.o)
 .debug_frame   0x00000000       0x20 /opt/arm-none-eabi/bin/../lib/gcc/arm-none-eabi/13.3.1/../../../../arm-none-eabi/lib/thumb/v7-m/nofp/libnosys.a(sbrk.o)
 .ARM.attributes
                0x00000000       0x2d /opt/arm-none-eabi/bin/../lib/gcc/arm-none-eabi/13.3.1/../../../../arm-none-eabi/lib/thumb/v7-m/nofp/libnosys.a(sbrk.o)
 .text          0x00000000        0x0 /opt/arm-none-eabi/bin/../lib/gcc/arm-none-eabi/13.3.1/../../../../arm-none-eabi/lib/thumb/v7-m/nofp/libnosys.a(write.o)
 .data          0x00000000        0x0 /opt/arm-none-eabi/bin/../lib/gcc/arm-none-eabi/13.3.1/../../../../arm-none-eabi/lib/thumb/v7-m/nofp/libnosys.a(write.o)
 .bss           0x00000000        0x0 /opt/arm-none-eabi/bin/../lib/gcc/arm-none-eabi/13.3.1/../../../../arm-none-eabi/lib/thumb/v7-m/nofp/libnosys.a(write.o)
 .text._write   0x00000000       0x10 /opt/arm-none-eabi/bin/../lib/gcc/arm-none-eabi/13.3.1/../../../../arm-none-eabi/lib/thumb/v7-m/nofp/libnosys.a(write.o)
 .gnu.warning._write
                0x00000000        0x0 /opt/arm-none-eabi/bin/../lib/gcc/arm-none-eabi/13.3.1/../../../../arm-none-eabi/lib/thumb/v7-m/nofp/libnosys.a(write.o)
 .debug_frame   0x00000000       0x20 /opt/arm-none-eabi/bin/../lib/gcc/arm-none-eabi/13.3.1/../../../../arm-none-eabi/lib/thumb/v7-m/nofp/libnosys.a(write.o)
 .ARM.attributes
                0x00000000       0x2d /opt/arm-none-eabi/bin/../lib/gcc/arm-none-eabi/13.3.1/../../../../arm-none-eabi/lib/thumb/v7-m/nofp/libnosys.a(write.o)
 .text          0x00000000        0x0 /opt/arm-none-eabi/bin/../lib/gcc/arm-none-eabi/13.3.1/../../../../arm-none-eabi/lib/thumb/v7-m/nofp/libnosys.a(_exit.o)
 .data          0x00000000        0x0 /opt/arm-none-eabi/bin/../lib/gcc/arm-none-eabi/13.3.1/../../../../arm-none-eabi/lib/thumb/v7-m/nofp/libnosys.a(_exit.o)
 .bss           0x00000000        0x0 /opt/arm-none-eabi/bin/../lib/gcc/arm-none-eabi/13.3.1/../../../../arm-none-eabi/lib/thumb/v7-m/nofp/libnosys.a(_exit.o)
 .text._exit    0x00000000        0x4 /opt/arm-none-eabi/bin/../lib/gcc/arm-none-eabi/13.3.1/../../../../arm-none-eabi/lib/thumb/v7-m/nofp/libnosys.a(_exit.o)
 .debug_frame   0x00000000       0x20 /opt/arm-none-eabi/bin/../lib/gcc/arm-none-eabi/13.3.1/../../../../arm-none-eabi/lib/thumb/v7-m/nofp/libnosys.a(_exit.o)
 .ARM.attributes
                0x00000000       0x2d /opt/arm-none-eabi/bin/../lib/gcc/arm-none-eabi/13.3.1/../../../../arm-none-eabi/lib/thumb/v7-m/nofp/libnosys.a(_exit.o)
 .text          0x00000000        0x0 /opt/arm-none-eabi/bin/../lib/gcc/arm-none-eabi/13.3.1/thumb/v7-m/nofp/crtend.o
 .data          0x00000000        0x0 /opt/arm-none-eabi/bin/../lib/gcc/arm-none-eabi/13.3.1/thumb/v7-m/nofp/crtend.o
 .bss           0x00000000        0x0 /opt/arm-none-eabi/bin/../lib/gcc/arm-none-eabi/13.3.1/thumb/v7-m/nofp/crtend.o
 .rodata.all_implied_fbits
                0x00000000       0x24 /opt/arm-none-eabi/bin/../lib/gcc/arm-none-eabi/13.3.1/thumb/v7-m/nofp/crtend.o
 .eh_frame      0x00000000        0x4 /opt/arm-none-eabi/bin/../lib/gcc/arm-none-eabi/13.3.1/thumb/v7-m/nofp/crtend.o
 .text          0x00000000        0x0 /opt/arm-none-eabi/bin/../lib/gcc/arm-none-eabi/13.3.1/thumb/v7-m/nofp/crtn.o
 .data          0x00000000        0x0 /opt/arm-none-eabi/bin/../lib/gcc/arm-none-eabi/13.3.1/thumb/v7-m/nofp/crtn.o
 .bss           0x00000000        0x0 /opt/arm-none-eabi/bin/../lib/gcc/arm-none-eabi/13.3.1/thumb/v7-m/nofp/crtn.o
 .text          0x00000000        0x0 /opt/arm-none-eabi/bin/../lib/gcc/arm-none-eabi/13.3.1/../../../../arm-none-eabi/lib/thumb/v7-m/nofp/libm.a(libm_a-wf_log.o)
 .data          0x00000000        0x0 /opt/arm-none-eabi/bin/../lib/gcc/arm-none-eabi/13.3.1/../../../../arm-none-eabi/lib/thumb/v7-m/nofp/libm.a(libm_a-wf_log.o)
 .bss           0x00000000        0x0 /opt/arm-none-eabi/bin/../lib/gcc/arm-none-eabi/13.3.1/../../../../arm-none-eabi/lib/thumb/v7-m/nofp/libm.a(libm_a-wf_log.o)
 .debug_frame   0x00000000       0x34 /opt/arm-none-eabi/bin/../lib/gcc/arm-none-eabi/13.3.1/../../../../arm-none-eabi/lib/thumb/v7-m/nofp/libm.a(libm_a-wf_log.o)
 .ARM.attributes
                0x00000000       0x2d /opt/arm-none-eabi/bin/../lib/gcc/arm-none-eabi/13.3.1/../../../../arm-none-eabi/lib/thumb/v7-m/nofp/libm.a(libm_a-wf_log.o)
 .text          0x00000000        0x0 /opt/arm-none-eabi/bin/../lib/gcc/arm-none-eabi/13.3.1/../../../../arm-none-eabi/lib/thumb/v7-m/nofp/libm.a(libm_a-sf_nan.o)
 .data          0x00000000        0x0 /opt/arm-none-eabi/bin/../lib/gcc/arm-none-eabi/13.3.1/../../../../arm-none-eabi/lib/thumb/v7-m/nofp/libm.a(libm_a-sf_nan.o)
 .bss           0x00000000        0x0 /opt/arm-none-eabi/bin/../lib/gcc/arm-none-eabi/13.3.1/../../../../arm-none-eabi/lib/thumb/v7-m/nofp/libm.a(libm_a-sf_nan.o)
 .debug_frame   0x00000000       0x20 /opt/arm-none-eabi/bin/../lib/gcc/arm-none-eabi/13.3.1/../../../../arm-none-eabi/lib/thumb/v7-m/nofp/libm.a(libm_a-sf_nan.o)
 .ARM.attributes
                0x00000000       0x2d /opt/arm-none-eabi/bin/../lib/gcc/arm-none-eabi/13.3.1/../../../../arm-none-eabi/lib/thumb/v7-m/nofp/libm.a(libm_a-sf_nan.o)
 .text          0x00000000        0x0 /opt/arm-none-eabi/bin/../lib/gcc/arm-none-eabi/13.3.1/../../../../arm-none-eabi/lib/thumb/v7-m/nofp/libm.a(libm_a-ef_log.o)
 .data          0x00000000        0x0 /opt/arm-none-eabi/bin/../lib/gcc/arm-none-eabi/13.3.1/../../../../arm-none-eabi/lib/thumb/v7-m/nofp/libm.a(libm_a-ef_log.o)
 .bss           0x00000000        0x0 /opt/arm-none-eabi/bin/../lib/gcc/arm-none-eabi/13.3.1/../../../../arm-none-eabi/lib/thumb/v7-m/nofp/libm.a(libm_a-ef_log.o)
 .debug_frame   0x00000000       0x38 /opt/arm-none-eabi/bin/../lib/gcc/arm-none-eabi/13.3.1/../../../../arm-none-eabi/lib/thumb/v7-m/nofp/libm.a(libm_a-ef_log.o)
 .ARM.attributes
                0x00000000       0x2d /opt/arm-none-eabi/bin/../lib/gcc/arm-none-eabi/13.3.1/../../../../arm-none-eabi/lib/thumb/v7-m/nofp/libm.a(libm_a-ef_log.o)
 .data          0x00000000        0x0 /opt/arm-none-eabi/bin/../lib/gcc/arm-none-eabi/13.3.1/thumb/v7-m/nofp/libgcc.a(_arm_cmpsf2.o)
 .bss           0x00000000        0x0 /opt/arm-none-eabi/bin/../lib/gcc/arm-none-eabi/13.3.1/thumb/v7-m/nofp/libgcc.a(_arm_cmpsf2.o)
 .debug_line_str
                0x00000000       0xc3 /opt/arm-none-eabi/bin/../lib/gcc/arm-none-eabi/13.3.1/thumb/v7-m/nofp/libgcc.a(_arm_cmpsf2.o)
 .debug_frame   0x00000000       0xc8 /opt/arm-none-eabi/bin/../lib/gcc/arm-none-eabi/13.3.1/thumb/v7-m/nofp/libgcc.a(_arm_cmpsf2.o)
 .ARM.attributes
                0x00000000       0x1d /opt/arm-none-eabi/bin/../lib/gcc/arm-none-eabi/13.3.1/thumb/v7-m/nofp/libgcc.a(_arm_cmpsf2.o)
 .data          0x00000000        0x0 /opt/arm-none-eabi/bin/../lib/gcc/arm-none-eabi/13.3.1/thumb/v7-m/nofp/libgcc.a(_arm_unordsf2.o)
 .bss           0x00000000        0x0 /opt/arm-none-eabi/bin/../lib/gcc/arm-none-eabi/13.3.1/thumb/v7-m/nofp/libgcc.a(_arm_unordsf2.o)
 .debug_line_str
                0x00000000       0xc3 /opt/arm-none-eabi/bin/../lib/gcc/arm-none-eabi/13.3.1/thumb/v7-m/nofp/libgcc.a(_arm_unordsf2.o)
 .debug_frame   0x00000000       0x24 /opt/arm-none-eabi/bin/../lib/gcc/arm-none-eabi/13.3.1/thumb/v7-m/nofp/libgcc.a(_arm_unordsf2.o)
 .ARM.attributes
                0x00000000       0x1d /opt/arm-none-eabi/bin/../lib/gcc/arm-none-eabi/13.3.1/thumb/v7-m/nofp/libgcc.a(_arm_unordsf2.o)

Memory Configuration

Name             Origin             Length             Attributes
RAM              0x20000000         0x00002800         xrw
FLASH            0x08000000         0x00008000         xr
*default*        0x00000000         0xffffffff

Linker script and memory map

LOAD /opt/arm-none-eabi/bin/../lib/gcc/arm-none-eabi/13.3.1/thumb/v7-m/nofp/crti.o
LOAD /opt/arm-none-eabi/bin/../lib/gcc/arm-none-eabi/13.3.1/thumb/v7-m/nofp/crtbegin.o
LOAD /opt/arm-none-eabi/bin/../lib/gcc/arm-none-eabi/13.3.1/../../../../arm-none-eabi/lib/thumb/v7-m/nofp/crt0.o
LOAD obj/main.o
LOAD obj/HSE_CLK.o
LOAD obj/uart.o
LOAD obj/spi.o
LOAD obj/ledconf.o
LOAD obj/delay.o
LOAD obj/intrr_event.o
LOAD obj/adc.o
LOAD obj/all_asm.o
LOAD dsp_lib//libarm_cortexM3l_math.a
START GROUP
LOAD /opt/arm-none-eabi/bin/../lib/gcc/arm-none-eabi/13.3.1/thumb/v7-m/nofp/libgcc.a
LOAD /opt/arm-none-eabi/bin/../lib/gcc/arm-none-eabi/13.3.1/../../../../arm-none-eabi/lib/thumb/v7-m/nofp/libc_nano.a
END GROUP
START GROUP
LOAD /opt/arm-none-eabi/bin/../lib/gcc/arm-none-eabi/13.3.1/thumb/v7-m/nofp/libgcc.a
LOAD /opt/arm-none-eabi/bin/../lib/gcc/arm-none-eabi/13.3.1/../../../../arm-none-eabi/lib/thumb/v7-m/nofp/libc_nano.a
LOAD /opt/arm-none-eabi/bin/../lib/gcc/arm-none-eabi/13.3.1/../../../../arm-none-eabi/lib/thumb/v7-m/nofp/libnosys.a
END GROUP
START GROUP
LOAD /opt/arm-none-eabi/bin/../lib/gcc/arm-none-eabi/13.3.1/thumb/v7-m/nofp/libgcc.a
LOAD /opt/arm-none-eabi/bin/../lib/gcc/arm-none-eabi/13.3.1/../../../../arm-none-eabi/lib/thumb/v7-m/nofp/libc_nano.a
LOAD /opt/arm-none-eabi/bin/../lib/gcc/arm-none-eabi/13.3.1/../../../../arm-none-eabi/lib/thumb/v7-m/nofp/libnosys.a
END GROUP
LOAD /opt/arm-none-eabi/bin/../lib/gcc/arm-none-eabi/13.3.1/thumb/v7-m/nofp/crtend.o
LOAD /opt/arm-none-eabi/bin/../lib/gcc/arm-none-eabi/13.3.1/thumb/v7-m/nofp/crtn.o
                0x20002800                        _estack = (ORIGIN (RAM) + LENGTH (RAM))
                0x00000200                        _Min_Heap_Size = 0x200
                0x00000400                        _Min_Stack_Size = 0x400

.isr_vector     0x08000000      0x10c
                0x08000000                        . = ALIGN (0x4)
 *(.isr_vector)
 .isr_vector    0x08000000      0x10c obj/all_asm.o
                0x08000000                g_pfnVectors
                0x0800010c                        . = ALIGN (0x4)

.text           0x08000110     0x1e00
                0x08000110                        . = ALIGN (0x4)
 *(.text)
 .text          0x08000110      0x228 obj/main.o
                0x08000110                DSP_process
 .text          0x08000338       0x8c obj/HSE_CLK.o
                0x08000338                X_Clock_Init
 .text          0x080003c4      0x17c obj/spi.o
                0x080003c4                spi_init
                0x080004c8                spi_transmit
                0x08000520                cs_low
                0x08000530                cs_high
 .text          0x08000540       0xc4 obj/ledconf.o
                0x08000540                led_init
                0x08000598                led_state
 .text          0x08000604       0x58 obj/delay.o
                0x08000604                TIM2_Init
                0x08000630                _us_delay
 .text          0x0800065c       0x50 obj/intrr_event.o
                0x0800065c                DMA1_Channel1_IRQHandler
 .text          0x080006ac      0x18c obj/adc.o
                0x080006ac                adc_init_cont
                0x080007c8                stop_process
                0x080007f0                start_process
 .text          0x08000838      0x21c /opt/arm-none-eabi/bin/../lib/gcc/arm-none-eabi/13.3.1/thumb/v7-m/nofp/libgcc.a(_arm_addsubsf3.o)
                0x08000838                __aeabi_frsub
                0x08000840                __subsf3
                0x08000840                __aeabi_fsub
                0x08000844                __aeabi_fadd
                0x08000844                __addsf3
                0x080009a4                __aeabi_ui2f
                0x080009a4                __floatunsisf
                0x080009ac                __aeabi_i2f
                0x080009ac                __floatsisf
                0x080009c8                __floatundisf
                0x080009c8                __aeabi_ul2f
                0x080009d8                __floatdisf
                0x080009d8                __aeabi_l2f
 .text          0x08000a54      0x2a0 /opt/arm-none-eabi/bin/../lib/gcc/arm-none-eabi/13.3.1/thumb/v7-m/nofp/libgcc.a(_arm_muldivsf3.o)
                0x08000a54                __mulsf3
                0x08000a54                __aeabi_fmul
                0x08000bbc                __divsf3
                0x08000bbc                __aeabi_fdiv
 .text          0x08000cf4       0x4c /opt/arm-none-eabi/bin/../lib/gcc/arm-none-eabi/13.3.1/thumb/v7-m/nofp/libgcc.a(_arm_fixsfsi.o)
                0x08000cf4                __fixsfsi
                0x08000cf4                __aeabi_f2iz
 .text          0x08000d40       0x40 /opt/arm-none-eabi/bin/../lib/gcc/arm-none-eabi/13.3.1/thumb/v7-m/nofp/libgcc.a(_arm_fixunssfsi.o)
                0x08000d40                __aeabi_f2uiz
                0x08000d40                __fixunssfsi
 .text          0x08000d80       0xec /opt/arm-none-eabi/bin/../lib/gcc/arm-none-eabi/13.3.1/thumb/v7-m/nofp/libgcc.a(_arm_cmpsf2.o)
                0x08000d80                __gtsf2
                0x08000d80                __gesf2
                0x08000d88                __lesf2
                0x08000d88                __ltsf2
                0x08000d90                __nesf2
                0x08000d90                __eqsf2
                0x08000d90                __cmpsf2
                0x08000df0                __aeabi_cfrcmple
                0x08000df8                __aeabi_cfcmple
                0x08000df8                __aeabi_cfcmpeq
                0x08000e08                __aeabi_fcmpeq
                0x08000e1c                __aeabi_fcmplt
                0x08000e30                __aeabi_fcmple
                0x08000e44                __aeabi_fcmpge
                0x08000e58                __aeabi_fcmpgt
 .text          0x08000e6c       0x2c /opt/arm-none-eabi/bin/../lib/gcc/arm-none-eabi/13.3.1/thumb/v7-m/nofp/libgcc.a(_arm_unordsf2.o)
                0x08000e6c                __aeabi_fcmpun
                0x08000e6c                __unordsf2
 *(.text*)
 .text.deregister_tm_clones
                0x08000e98       0x1c /opt/arm-none-eabi/bin/../lib/gcc/arm-none-eabi/13.3.1/thumb/v7-m/nofp/crtbegin.o
 .text.register_tm_clones
                0x08000eb4       0x24 /opt/arm-none-eabi/bin/../lib/gcc/arm-none-eabi/13.3.1/thumb/v7-m/nofp/crtbegin.o
 .text.__do_global_dtors_aux
                0x08000ed8       0x28 /opt/arm-none-eabi/bin/../lib/gcc/arm-none-eabi/13.3.1/thumb/v7-m/nofp/crtbegin.o
 .text.frame_dummy
                0x08000f00       0x24 /opt/arm-none-eabi/bin/../lib/gcc/arm-none-eabi/13.3.1/thumb/v7-m/nofp/crtbegin.o
 .text.startup  0x08000f24       0x68 obj/main.o
                0x08000f24                main
 .text.Reset_Handler
                0x08000f8c       0x44 obj/all_asm.o
                0x08000f8c                Reset_Handler
 .text.Default_Handler
                0x08000fd0        0x2 obj/all_asm.o
                0x08000fd0                RTC_Alarm_IRQHandler
                0x08000fd0                EXTI2_IRQHandler
                0x08000fd0                DebugMon_Handler
                0x08000fd0                TIM1_CC_IRQHandler
                0x08000fd0                HardFault_Handler
                0x08000fd0                SysTick_Handler
                0x08000fd0                PVD_IRQHandler
                0x08000fd0                PendSV_Handler
                0x08000fd0                NMI_Handler
                0x08000fd0                EXTI3_IRQHandler
                0x08000fd0                EXTI0_IRQHandler
                0x08000fd0                I2C2_EV_IRQHandler
                0x08000fd0                UsageFault_Handler
                0x08000fd0                ADC1_2_IRQHandler
                0x08000fd0                SPI1_IRQHandler
                0x08000fd0                TAMPER_IRQHandler
                0x08000fd0                DMA1_Channel4_IRQHandler
                0x08000fd0                USART3_IRQHandler
                0x08000fd0                RTC_IRQHandler
                0x08000fd0                DMA1_Channel7_IRQHandler
                0x08000fd0                CAN1_RX1_IRQHandler
                0x08000fd0                TIM4_IRQHandler
                0x08000fd0                I2C1_EV_IRQHandler
                0x08000fd0                DMA1_Channel6_IRQHandler
                0x08000fd0                TIM3_IRQHandler
                0x08000fd0                RCC_IRQHandler
                0x08000fd0                TIM1_TRG_COM_IRQHandler
                0x08000fd0                Default_Handler
                0x08000fd0                EXTI15_10_IRQHandler
                0x08000fd0                EXTI9_5_IRQHandler
                0x08000fd0                SPI2_IRQHandler
                0x08000fd0                MemManage_Handler
                0x08000fd0                SVC_Handler
                0x08000fd0                DMA1_Channel5_IRQHandler
                0x08000fd0                EXTI4_IRQHandler
                0x08000fd0                USB_LP_CAN1_RX0_IRQHandler
                0x08000fd0                USB_HP_CAN1_TX_IRQHandler
                0x08000fd0                DMA1_Channel3_IRQHandler
                0x08000fd0                TIM1_UP_IRQHandler
                0x08000fd0                WWDG_IRQHandler
                0x08000fd0                TIM2_IRQHandler
                0x08000fd0                TIM1_BRK_IRQHandler
                0x08000fd0                EXTI1_IRQHandler
                0x08000fd0                USART2_IRQHandler
                0x08000fd0                I2C2_ER_IRQHandler
                0x08000fd0                DMA1_Channel2_IRQHandler
                0x08000fd0                CAN1_SCE_IRQHandler
                0x08000fd0                FLASH_IRQHandler
                0x08000fd0                BusFault_Handler
                0x08000fd0                USART1_IRQHandler
                0x08000fd0                I2C1_ER_IRQHandler
                0x08000fd0                USBWakeUp_IRQHandler
 *fill*         0x08000fd2        0x2 
 .text.arm_mean_q15
                0x08000fd4       0x54 dsp_lib//libarm_cortexM3l_math.a(arm_mean_q15.o)
                0x08000fd4                arm_mean_q15
 .text.arm_max_q15
                0x08001028       0xdc dsp_lib//libarm_cortexM3l_math.a(arm_max_q15.o)
                0x08001028                arm_max_q15
 .text.arm_radix2_butterfly_q15
                0x08001104      0x360 dsp_lib//libarm_cortexM3l_math.a(arm_cfft_radix2_q15.o)
                0x08001104                arm_radix2_butterfly_q15
 .text.arm_radix2_butterfly_inverse_q15
                0x08001464      0x300 dsp_lib//libarm_cortexM3l_math.a(arm_cfft_radix2_q15.o)
                0x08001464                arm_radix2_butterfly_inverse_q15
 .text.arm_cfft_radix2_q15
                0x08001764       0x30 dsp_lib//libarm_cortexM3l_math.a(arm_cfft_radix2_q15.o)
                0x08001764                arm_cfft_radix2_q15
 .text.arm_cfft_radix2_init_q15
                0x08001794      0x128 dsp_lib//libarm_cortexM3l_math.a(arm_cfft_radix2_init_q15.o)
                0x08001794                arm_cfft_radix2_init_q15
 .text.arm_bitreversal_q15
                0x080018bc       0x64 dsp_lib//libarm_cortexM3l_math.a(arm_bitreversal.o)
                0x080018bc                arm_bitreversal_q15
 .text.arm_cmplx_mag_q15
                0x08001920       0xd0 dsp_lib//libarm_cortexM3l_math.a(arm_cmplx_mag_q15.o)
                0x08001920                arm_cmplx_mag_q15
 .text.arm_sqrt_q15
                0x080019f0       0xe4 dsp_lib//libarm_cortexM3l_math.a(arm_sqrt_q15.o)
                0x080019f0                arm_sqrt_q15
 .text.arm_shift_q15
                0x08001ad4      0x10c dsp_lib//libarm_cortexM3l_math.a(arm_shift_q15.o)
                0x08001ad4                arm_shift_q15
 .text.__libc_init_array
                0x08001be0       0x48 /opt/arm-none-eabi/bin/../lib/gcc/arm-none-eabi/13.3.1/../../../../arm-none-eabi/lib/thumb/v7-m/nofp/libc_nano.a(libc_a-init.o)
                0x08001be0                __libc_init_array
 .text.memset   0x08001c28       0x10 /opt/arm-none-eabi/bin/../lib/gcc/arm-none-eabi/13.3.1/../../../../arm-none-eabi/lib/thumb/v7-m/nofp/libc_nano.a(libc_a-memset.o)
                0x08001c28                memset
 .text.logf     0x08001c38       0x54 /opt/arm-none-eabi/bin/../lib/gcc/arm-none-eabi/13.3.1/../../../../arm-none-eabi/lib/thumb/v7-m/nofp/libm.a(libm_a-wf_log.o)
                0x08001c38                logf
 .text.nanf     0x08001c8c        0x8 /opt/arm-none-eabi/bin/../lib/gcc/arm-none-eabi/13.3.1/../../../../arm-none-eabi/lib/thumb/v7-m/nofp/libm.a(libm_a-sf_nan.o)
                0x08001c8c                nanf
 .text.__ieee754_logf
                0x08001c94      0x258 /opt/arm-none-eabi/bin/../lib/gcc/arm-none-eabi/13.3.1/../../../../arm-none-eabi/lib/thumb/v7-m/nofp/libm.a(libm_a-ef_log.o)
                0x08001c94                __ieee754_logf
 *(.glue_7)
 .glue_7        0x08001eec        0x0 linker stubs
 *(.glue_7t)
 .glue_7t       0x08001eec        0x0 linker stubs
 *(.eh_frame)
 .eh_frame      0x08001eec        0x0 /opt/arm-none-eabi/bin/../lib/gcc/arm-none-eabi/13.3.1/thumb/v7-m/nofp/crtbegin.o
 *(.init)
 .init          0x08001eec        0x4 /opt/arm-none-eabi/bin/../lib/gcc/arm-none-eabi/13.3.1/thumb/v7-m/nofp/crti.o
                0x08001eec                _init
 .init          0x08001ef0        0x8 /opt/arm-none-eabi/bin/../lib/gcc/arm-none-eabi/13.3.1/thumb/v7-m/nofp/crtn.o
 *(.fini)
 .fini          0x08001ef8        0x4 /opt/arm-none-eabi/bin/../lib/gcc/arm-none-eabi/13.3.1/thumb/v7-m/nofp/crti.o
                0x08001ef8                _fini
 .fini          0x08001efc        0x8 /opt/arm-none-eabi/bin/../lib/gcc/arm-none-eabi/13.3.1/thumb/v7-m/nofp/crtn.o
 *fill*         0x08001f04        0x4 
 .fini.__stub   0x08001f08        0x8 linker stubs
                0x08001f10                        . = ALIGN (0x4)
                0x08001f10                        _etext = .

.vfp11_veneer   0x08001f10        0x0
 .vfp11_veneer  0x08001f10        0x0 linker stubs

.v4_bx          0x08001f10        0x0
 .v4_bx         0x08001f10        0x0 linker stubs

.iplt           0x08001f10        0x0
 .iplt          0x08001f10        0x0 /opt/arm-none-eabi/bin/../lib/gcc/arm-none-eabi/13.3.1/thumb/v7-m/nofp/crtbegin.o

.rodata         0x08001f10     0x3804
                0x08001f10                        . = ALIGN (0x4)
 *(.rodata)
 *(.rodata*)
 .rodata.twiddleCoef_4096_q15
                0x08001f10     0x3000 dsp_lib//libarm_cortexM3l_math.a(arm_common_tables.o)
                0x08001f10                twiddleCoef_4096_q15
 .rodata.armBitRevTable
                0x08004f10      0x800 dsp_lib//libarm_cortexM3l_math.a(arm_common_tables.o)
                0x08004f10                armBitRevTable
 .rodata.logf.str1.4
                0x08005710        0x1 /opt/arm-none-eabi/bin/../lib/gcc/arm-none-eabi/13.3.1/../../../../arm-none-eabi/lib/thumb/v7-m/nofp/libm.a(libm_a-wf_log.o)
                0x08005714                        . = ALIGN (0x4)
 *fill*         0x08005711        0x3 

.rel.dyn        0x08005714        0x0
 .rel.iplt      0x08005714        0x0 /opt/arm-none-eabi/bin/../lib/gcc/arm-none-eabi/13.3.1/thumb/v7-m/nofp/crtbegin.o

.ARM.extab
 *(.ARM.extab* .gnu.linkonce.armextab.*)

.ARM            0x08005714        0x0
                0x08005714                        __exidx_start = .
 *(.ARM.exidx*)
                0x08005714                        __exidx_end = .

.preinit_array  0x08005714        0x0
                0x08005714                        PROVIDE (__preinit_array_start = .)
 *(.preinit_array*)
                0x08005714                        PROVIDE (__preinit_array_end = .)

.init_array     0x08005714        0x4
                0x08005714                        PROVIDE (__init_array_start = .)
 *(SORT_BY_NAME(.init_array.*))
 *(.init_array*)
 .init_array    0x08005714        0x4 /opt/arm-none-eabi/bin/../lib/gcc/arm-none-eabi/13.3.1/thumb/v7-m/nofp/crtbegin.o
                0x08005718                        PROVIDE (__init_array_end = .)

.fini_array     0x08005718        0x4
                [!provide]                        PROVIDE (__fini_array_start = .)
 *(SORT_BY_NAME(.fini_array.*))
 *(.fini_array*)
 .fini_array    0x08005718        0x4 /opt/arm-none-eabi/bin/../lib/gcc/arm-none-eabi/13.3.1/thumb/v7-m/nofp/crtbegin.o
                [!provide]                        PROVIDE (__fini_array_end = .)
                0x0800571c                        _sidata = LOADADDR (.data)

.data           0x20000000      0x214 load address 0x0800571c
                0x20000000                        . = ALIGN (0x4)
                0x20000000                        _sdata = .
 *(.data)
 .data          0x20000000      0x20c obj/main.o
                0x20000000                hamming
                0x20000200                pSPO2_RED
                0x20000204                pSPO2_IR
                0x20000208                pPPG_Sample
 .data          0x2000020c        0x1 obj/ledconf.o
                0x2000020c                state
 *fill*         0x2000020d        0x3 
 .data          0x20000210        0x4 obj/intrr_event.o
                0x20000210                pADC_BUFF
 *(.data*)
                0x20000214                        . = ALIGN (0x4)
                0x20000214                        _edata = .

.tm_clone_table
                0x20000214        0x0 load address 0x08005930
 .tm_clone_table
                0x20000214        0x0 /opt/arm-none-eabi/bin/../lib/gcc/arm-none-eabi/13.3.1/thumb/v7-m/nofp/crtbegin.o
 .tm_clone_table
                0x20000214        0x0 /opt/arm-none-eabi/bin/../lib/gcc/arm-none-eabi/13.3.1/thumb/v7-m/nofp/crtend.o

.igot.plt       0x20000214        0x0 load address 0x08005930
 .igot.plt      0x20000214        0x0 /opt/arm-none-eabi/bin/../lib/gcc/arm-none-eabi/13.3.1/thumb/v7-m/nofp/crtbegin.o
                0x20000214                        . = ALIGN (0x4)

.bss            0x20000214     0x1448 load address 0x08005930
                0x20000214                        _sbss = .
                0x20000214                        __bss_start__ = _sbss
 *(.bss)
 .bss           0x20000214      0xc28 obj/main.o
                0x20000214                input
                0x20000a14                sampleMean
                0x20000a18                fft_inst
                0x20000e28                noisefloor
                0x20000e2c                maxIndex
                0x20000e30                maxVal
                0x20000e32                confidence
                0x20000e34                hr_values
                0x20000e38                __errno
 .bss           0x20000e3c      0x804 obj/adc.o
                0x20000e3c                adc_val
                0x20000e3e                ACC_COMP
                0x20000e40                adc_buffer
 *(.bss*)
 .bss.completed.1
                0x20001640        0x1 /opt/arm-none-eabi/bin/../lib/gcc/arm-none-eabi/13.3.1/thumb/v7-m/nofp/crtbegin.o
 *fill*         0x20001641        0x3 
 .bss.object.0  0x20001644       0x18 /opt/arm-none-eabi/bin/../lib/gcc/arm-none-eabi/13.3.1/thumb/v7-m/nofp/crtbegin.o
 *(COMMON)
                0x2000165c                        . = ALIGN (0x4)
                0x2000165c                        _ebss = .
                0x2000165c                        __bss_end__ = _ebss

._user_heap_stack
                0x2000165c      0x604 load address 0x08005930
                0x20001660                        . = ALIGN (0x8)
 *fill*         0x2000165c        0x4 
                0x20001660                        PROVIDE (end = .)
                [!provide]                        PROVIDE (_end = .)
                0x20001860                        . = (. + _Min_Heap_Size)
 *fill*         0x20001660      0x200 
                0x20001c60                        . = (. + _Min_Stack_Size)
 *fill*         0x20001860      0x400 
                0x20001c60                        . = ALIGN (0x8)

/DISCARD/
 libc.a(*)
 libm.a(*)
 libgcc.a(*)

.ARM.attributes
                0x00000000       0x29
 *(.ARM.attributes)
 .ARM.attributes
                0x00000000       0x1d /opt/arm-none-eabi/bin/../lib/gcc/arm-none-eabi/13.3.1/thumb/v7-m/nofp/crti.o
 .ARM.attributes
                0x0000001d       0x2d /opt/arm-none-eabi/bin/../lib/gcc/arm-none-eabi/13.3.1/thumb/v7-m/nofp/crtbegin.o
 .ARM.attributes
                0x0000004a       0x2d obj/main.o
 .ARM.attributes
                0x00000077       0x2d obj/HSE_CLK.o
 .ARM.attributes
                0x000000a4       0x2d obj/spi.o
 .ARM.attributes
                0x000000d1       0x2d obj/ledconf.o
 .ARM.attributes
                0x000000fe       0x2d obj/delay.o
 .ARM.attributes
                0x0000012b       0x2d obj/intrr_event.o
 .ARM.attributes
                0x00000158       0x2d obj/adc.o
 .ARM.attributes
                0x00000185       0x21 obj/all_asm.o
 .ARM.attributes
                0x000001a6       0x33 dsp_lib//libarm_cortexM3l_math.a(arm_mean_q15.o)
 .ARM.attributes
                0x000001d9       0x33 dsp_lib//libarm_cortexM3l_math.a(arm_max_q15.o)
 .ARM.attributes
                0x0000020c       0x33 dsp_lib//libarm_cortexM3l_math.a(arm_cfft_radix2_q15.o)
 .ARM.attributes
                0x0000023f       0x33 dsp_lib//libarm_cortexM3l_math.a(arm_cfft_radix2_init_q15.o)
 .ARM.attributes
                0x00000272       0x33 dsp_lib//libarm_cortexM3l_math.a(arm_bitreversal.o)
 .ARM.attributes
                0x000002a5       0x33 dsp_lib//libarm_cortexM3l_math.a(arm_cmplx_mag_q15.o)
 .ARM.attributes
                0x000002d8       0x33 dsp_lib//libarm_cortexM3l_math.a(arm_sqrt_q15.o)
 .ARM.attributes
                0x0000030b       0x33 dsp_lib//libarm_cortexM3l_math.a(arm_shift_q15.o)
 .ARM.attributes
                0x0000033e       0x33 dsp_lib//libarm_cortexM3l_math.a(arm_common_tables.o)
 .ARM.attributes
                0x00000371       0x1d /opt/arm-none-eabi/bin/../lib/gcc/arm-none-eabi/13.3.1/thumb/v7-m/nofp/libgcc.a(_arm_addsubsf3.o)
 .ARM.attributes
                0x0000038e       0x1d /opt/arm-none-eabi/bin/../lib/gcc/arm-none-eabi/13.3.1/thumb/v7-m/nofp/libgcc.a(_arm_muldivsf3.o)
 .ARM.attributes
                0x000003ab       0x1d /opt/arm-none-eabi/bin/../lib/gcc/arm-none-eabi/13.3.1/thumb/v7-m/nofp/libgcc.a(_arm_fixsfsi.o)
 .ARM.attributes
                0x000003c8       0x1d /opt/arm-none-eabi/bin/../lib/gcc/arm-none-eabi/13.3.1/thumb/v7-m/nofp/libgcc.a(_arm_fixunssfsi.o)
 .ARM.attributes
                0x000003e5       0x2d /opt/arm-none-eabi/bin/../lib/gcc/arm-none-eabi/13.3.1/../../../../arm-none-eabi/lib/thumb/v7-m/nofp/libc_nano.a(libc_a-init.o)
 .ARM.attributes
                0x00000412       0x2d /opt/arm-none-eabi/bin/../lib/gcc/arm-none-eabi/13.3.1/../../../../arm-none-eabi/lib/thumb/v7-m/nofp/libc_nano.a(libc_a-memset.o)
 .ARM.attributes
                0x0000043f       0x2d /opt/arm-none-eabi/bin/../lib/gcc/arm-none-eabi/13.3.1/thumb/v7-m/nofp/crtend.o
 .ARM.attributes
                0x0000046c       0x1d /opt/arm-none-eabi/bin/../lib/gcc/arm-none-eabi/13.3.1/thumb/v7-m/nofp/crtn.o
OUTPUT(bin/connectHeart_V1.elf elf32-littlearm)
LOAD linker stubs
LOAD /opt/arm-none-eabi/bin/../lib/gcc/arm-none-eabi/13.3.1/../../../../arm-none-eabi/lib/thumb/v7-m/nofp/libc.a
LOAD /opt/arm-none-eabi/bin/../lib/gcc/arm-none-eabi/13.3.1/../../../../arm-none-eabi/lib/thumb/v7-m/nofp/libm.a
LOAD /opt/arm-none-eabi/bin/../lib/gcc/arm-none-eabi/13.3.1/thumb/v7-m/nofp/libgcc.a

.debug_info     0x00000000     0x481b
 .debug_info    0x00000000      0x8ed obj/main.o
 .debug_info    0x000008ed      0x1b1 obj/HSE_CLK.o
 .debug_info    0x00000a9e      0x3c0 obj/spi.o
 .debug_info    0x00000e5e      0x1d6 obj/ledconf.o
 .debug_info    0x00001034      0x261 obj/delay.o
 .debug_info    0x00001295      0x188 obj/intrr_event.o
 .debug_info    0x0000141d      0xa27 obj/adc.o
 .debug_info    0x00001e44      0x15f dsp_lib//libarm_cortexM3l_math.a(arm_mean_q15.o)
 .debug_info    0x00001fa3      0x17e dsp_lib//libarm_cortexM3l_math.a(arm_max_q15.o)
 .debug_info    0x00002121     0x1039 dsp_lib//libarm_cortexM3l_math.a(arm_cfft_radix2_q15.o)
 .debug_info    0x0000315a      0x25e dsp_lib//libarm_cortexM3l_math.a(arm_cfft_radix2_init_q15.o)
 .debug_info    0x000033b8      0x2f5 dsp_lib//libarm_cortexM3l_math.a(arm_bitreversal.o)
 .debug_info    0x000036ad      0x379 dsp_lib//libarm_cortexM3l_math.a(arm_cmplx_mag_q15.o)
 .debug_info    0x00003a26      0x1f8 dsp_lib//libarm_cortexM3l_math.a(arm_sqrt_q15.o)
 .debug_info    0x00003c1e      0x260 dsp_lib//libarm_cortexM3l_math.a(arm_shift_q15.o)
 .debug_info    0x00003e7e      0x99d dsp_lib//libarm_cortexM3l_math.a(arm_common_tables.o)

.debug_abbrev   0x00000000     0x11e4
 .debug_abbrev  0x00000000      0x23a obj/main.o
 .debug_abbrev  0x0000023a       0xb5 obj/HSE_CLK.o
 .debug_abbrev  0x000002ef      0x1a3 obj/spi.o
 .debug_abbrev  0x00000492       0xcd obj/ledconf.o
 .debug_abbrev  0x0000055f       0xcf obj/delay.o
 .debug_abbrev  0x0000062e      0x111 obj/intrr_event.o
 .debug_abbrev  0x0000073f      0x217 obj/adc.o
 .debug_abbrev  0x00000956       0xa3 dsp_lib//libarm_cortexM3l_math.a(arm_mean_q15.o)
 .debug_abbrev  0x000009f9       0xb2 dsp_lib//libarm_cortexM3l_math.a(arm_max_q15.o)
 .debug_abbrev  0x00000aab      0x23a dsp_lib//libarm_cortexM3l_math.a(arm_cfft_radix2_q15.o)
 .debug_abbrev  0x00000ce5      0x103 dsp_lib//libarm_cortexM3l_math.a(arm_cfft_radix2_init_q15.o)
 .debug_abbrev  0x00000de8       0xbd dsp_lib//libarm_cortexM3l_math.a(arm_bitreversal.o)
 .debug_abbrev  0x00000ea5      0x135 dsp_lib//libarm_cortexM3l_math.a(arm_cmplx_mag_q15.o)
 .debug_abbrev  0x00000fda       0xc6 dsp_lib//libarm_cortexM3l_math.a(arm_sqrt_q15.o)
 .debug_abbrev  0x000010a0       0xc0 dsp_lib//libarm_cortexM3l_math.a(arm_shift_q15.o)
 .debug_abbrev  0x00001160       0x84 dsp_lib//libarm_cortexM3l_math.a(arm_common_tables.o)

.debug_loclists
                0x00000000      0x32b
 .debug_loclists
                0x00000000      0x25f obj/main.o
 .debug_loclists
                0x0000025f       0x86 obj/spi.o
 .debug_loclists
                0x000002e5       0x1d obj/delay.o
 .debug_loclists
                0x00000302       0x29 obj/adc.o

.debug_aranges  0x00000000      0x220
 .debug_aranges
                0x00000000       0x28 obj/main.o
 .debug_aranges
                0x00000028       0x20 obj/HSE_CLK.o
 .debug_aranges
                0x00000048       0x20 obj/spi.o
 .debug_aranges
                0x00000068       0x20 obj/ledconf.o
 .debug_aranges
                0x00000088       0x20 obj/delay.o
 .debug_aranges
                0x000000a8       0x20 obj/intrr_event.o
 .debug_aranges
                0x000000c8       0x20 obj/adc.o
 .debug_aranges
                0x000000e8       0x20 dsp_lib//libarm_cortexM3l_math.a(arm_mean_q15.o)
 .debug_aranges
                0x00000108       0x20 dsp_lib//libarm_cortexM3l_math.a(arm_max_q15.o)
 .debug_aranges
                0x00000128       0x30 dsp_lib//libarm_cortexM3l_math.a(arm_cfft_radix2_q15.o)
 .debug_aranges
                0x00000158       0x20 dsp_lib//libarm_cortexM3l_math.a(arm_cfft_radix2_init_q15.o)
 .debug_aranges
                0x00000178       0x30 dsp_lib//libarm_cortexM3l_math.a(arm_bitreversal.o)
 .debug_aranges
                0x000001a8       0x20 dsp_lib//libarm_cortexM3l_math.a(arm_cmplx_mag_q15.o)
 .debug_aranges
                0x000001c8       0x20 dsp_lib//libarm_cortexM3l_math.a(arm_sqrt_q15.o)
 .debug_aranges
                0x000001e8       0x20 dsp_lib//libarm_cortexM3l_math.a(arm_shift_q15.o)
 .debug_aranges
                0x00000208       0x18 dsp_lib//libarm_cortexM3l_math.a(arm_common_tables.o)

.debug_rnglists
                0x00000000       0xb8
 .debug_rnglists
                0x00000000       0x65 obj/main.o
 .debug_rnglists
                0x00000065       0x1c obj/spi.o
 .debug_rnglists
                0x00000081       0x37 obj/adc.o

.debug_line     0x00000000     0x2936
 .debug_line    0x00000000      0x46f obj/main.o
 .debug_line    0x0000046f      0x1d7 obj/HSE_CLK.o
 .debug_line    0x00000646      0x381 obj/spi.o
 .debug_line    0x000009c7      0x1cc obj/ledconf.o
 .debug_line    0x00000b93      0x16c obj/delay.o
 .debug_line    0x00000cff      0x151 obj/intrr_event.o
 .debug_line    0x00000e50      0x346 obj/adc.o
 .debug_line    0x00001196      0x162 dsp_lib//libarm_cortexM3l_math.a(arm_mean_q15.o)
 .debug_line    0x000012f8      0x16d dsp_lib//libarm_cortexM3l_math.a(arm_max_q15.o)
 .debug_line    0x00001465      0xa87 dsp_lib//libarm_cortexM3l_math.a(arm_cfft_radix2_q15.o)
 .debug_line    0x00001eec      0x1fc dsp_lib//libarm_cortexM3l_math.a(arm_cfft_radix2_init_q15.o)
 .debug_line    0x000020e8      0x2a8 dsp_lib//libarm_cortexM3l_math.a(arm_bitreversal.o)
 .debug_line    0x00002390      0x192 dsp_lib//libarm_cortexM3l_math.a(arm_cmplx_mag_q15.o)
 .debug_line    0x00002522      0x169 dsp_lib//libarm_cortexM3l_math.a(arm_sqrt_q15.o)
 .debug_line    0x0000268b      0x17d dsp_lib//libarm_cortexM3l_math.a(arm_shift_q15.o)
 .debug_line    0x00002808      0x12e dsp_lib//libarm_cortexM3l_math.a(arm_common_tables.o)

.debug_str      0x00000000     0x13ae
 .debug_str     0x00000000     0x13ae obj/main.o
                                0x4de (size before relaxing)
 .debug_str     0x000013ae      0x1ad obj/HSE_CLK.o
 .debug_str     0x000013ae      0x25c obj/spi.o
 .debug_str     0x000013ae      0x1bf obj/ledconf.o
 .debug_str     0x000013ae      0x1ce obj/delay.o
 .debug_str     0x000013ae      0x1cd obj/intrr_event.o
 .debug_str     0x000013ae      0x6a1 obj/adc.o
 .debug_str     0x000013ae      0x21c dsp_lib//libarm_cortexM3l_math.a(arm_mean_q15.o)
 .debug_str     0x000013ae      0x228 dsp_lib//libarm_cortexM3l_math.a(arm_max_q15.o)
 .debug_str     0x000013ae      0x355 dsp_lib//libarm_cortexM3l_math.a(arm_cfft_radix2_q15.o)
 .debug_str     0x000013ae      0x343 dsp_lib//libarm_cortexM3l_math.a(arm_cfft_radix2_init_q15.o)
 .debug_str     0x000013ae      0x2a3 dsp_lib//libarm_cortexM3l_math.a(arm_bitreversal.o)
 .debug_str     0x000013ae      0x2e7 dsp_lib//libarm_cortexM3l_math.a(arm_cmplx_mag_q15.o)
 .debug_str     0x000013ae      0x2e1 dsp_lib//libarm_cortexM3l_math.a(arm_sqrt_q15.o)
 .debug_str     0x000013ae      0x252 dsp_lib//libarm_cortexM3l_math.a(arm_shift_q15.o)
 .debug_str     0x000013ae      0x6cf dsp_lib//libarm_cortexM3l_math.a(arm_common_tables.o)

.comment        0x00000000       0xb5
 .comment       0x00000000       0xb5 obj/main.o
                                 0x46 (size before relaxing)
 .comment       0x000000b5       0x46 obj/HSE_CLK.o
 .comment       0x000000b5       0x46 obj/spi.o
 .comment       0x000000b5       0x46 obj/ledconf.o
 .comment       0x000000b5       0x46 obj/delay.o
 .comment       0x000000b5       0x46 obj/intrr_event.o
 .comment       0x000000b5       0x46 obj/adc.o
 .comment       0x000000b5       0x71 dsp_lib//libarm_cortexM3l_math.a(arm_mean_q15.o)
 .comment       0x000000b5       0x71 dsp_lib//libarm_cortexM3l_math.a(arm_max_q15.o)
 .comment       0x000000b5       0x71 dsp_lib//libarm_cortexM3l_math.a(arm_cfft_radix2_q15.o)
 .comment       0x000000b5       0x71 dsp_lib//libarm_cortexM3l_math.a(arm_cfft_radix2_init_q15.o)
 .comment       0x000000b5       0x71 dsp_lib//libarm_cortexM3l_math.a(arm_bitreversal.o)
 .comment       0x000000b5       0x71 dsp_lib//libarm_cortexM3l_math.a(arm_cmplx_mag_q15.o)
 .comment       0x000000b5       0x71 dsp_lib//libarm_cortexM3l_math.a(arm_sqrt_q15.o)
 .comment       0x000000b5       0x71 dsp_lib//libarm_cortexM3l_math.a(arm_shift_q15.o)
 .comment       0x000000b5       0x71 dsp_lib//libarm_cortexM3l_math.a(arm_common_tables.o)

.debug_frame    0x00000000      0x564
 .debug_frame   0x00000000       0x50 obj/main.o
 .debug_frame   0x00000050       0x20 obj/HSE_CLK.o
 .debug_frame   0x00000070       0x5c obj/spi.o
 .debug_frame   0x000000cc       0x30 obj/ledconf.o
 .debug_frame   0x000000fc       0x30 obj/delay.o
 .debug_frame   0x0000012c       0x2c obj/intrr_event.o
 .debug_frame   0x00000158       0x5c obj/adc.o
 .debug_frame   0x000001b4       0x30 dsp_lib//libarm_cortexM3l_math.a(arm_mean_q15.o)
 .debug_frame   0x000001e4       0x40 dsp_lib//libarm_cortexM3l_math.a(arm_max_q15.o)
 .debug_frame   0x00000224       0xa0 dsp_lib//libarm_cortexM3l_math.a(arm_cfft_radix2_q15.o)
 .debug_frame   0x000002c4       0x68 dsp_lib//libarm_cortexM3l_math.a(arm_cfft_radix2_init_q15.o)
 .debug_frame   0x0000032c       0x84 dsp_lib//libarm_cortexM3l_math.a(arm_bitreversal.o)
 .debug_frame   0x000003b0       0x3c dsp_lib//libarm_cortexM3l_math.a(arm_cmplx_mag_q15.o)
 .debug_frame   0x000003ec       0x30 dsp_lib//libarm_cortexM3l_math.a(arm_sqrt_q15.o)
 .debug_frame   0x0000041c       0x30 dsp_lib//libarm_cortexM3l_math.a(arm_shift_q15.o)
 .debug_frame   0x0000044c       0x4c /opt/arm-none-eabi/bin/../lib/gcc/arm-none-eabi/13.3.1/thumb/v7-m/nofp/libgcc.a(_arm_addsubsf3.o)
 .debug_frame   0x00000498       0x38 /opt/arm-none-eabi/bin/../lib/gcc/arm-none-eabi/13.3.1/thumb/v7-m/nofp/libgcc.a(_arm_muldivsf3.o)
 .debug_frame   0x000004d0       0x24 /opt/arm-none-eabi/bin/../lib/gcc/arm-none-eabi/13.3.1/thumb/v7-m/nofp/libgcc.a(_arm_fixsfsi.o)
 .debug_frame   0x000004f4       0x24 /opt/arm-none-eabi/bin/../lib/gcc/arm-none-eabi/13.3.1/thumb/v7-m/nofp/libgcc.a(_arm_fixunssfsi.o)
 .debug_frame   0x00000518       0x2c /opt/arm-none-eabi/bin/../lib/gcc/arm-none-eabi/13.3.1/../../../../arm-none-eabi/lib/thumb/v7-m/nofp/libc_nano.a(libc_a-init.o)
 .debug_frame   0x00000544       0x20 /opt/arm-none-eabi/bin/../lib/gcc/arm-none-eabi/13.3.1/../../../../arm-none-eabi/lib/thumb/v7-m/nofp/libc_nano.a(libc_a-memset.o)

.debug_loc      0x00000000     0x3c95
 .debug_loc     0x00000000      0x130 dsp_lib//libarm_cortexM3l_math.a(arm_mean_q15.o)
 .debug_loc     0x00000130      0x1ca dsp_lib//libarm_cortexM3l_math.a(arm_max_q15.o)
 .debug_loc     0x000002fa     0x2411 dsp_lib//libarm_cortexM3l_math.a(arm_cfft_radix2_q15.o)
 .debug_loc     0x0000270b      0x5a0 dsp_lib//libarm_cortexM3l_math.a(arm_cfft_radix2_init_q15.o)
 .debug_loc     0x00002cab      0x2ec dsp_lib//libarm_cortexM3l_math.a(arm_bitreversal.o)
 .debug_loc     0x00002f97      0x337 dsp_lib//libarm_cortexM3l_math.a(arm_cmplx_mag_q15.o)
 .debug_loc     0x000032ce      0x5ef dsp_lib//libarm_cortexM3l_math.a(arm_sqrt_q15.o)
 .debug_loc     0x000038bd      0x3d8 dsp_lib//libarm_cortexM3l_math.a(arm_shift_q15.o)

.debug_ranges   0x00000000      0x928
 .debug_ranges  0x00000000       0x10 dsp_lib//libarm_cortexM3l_math.a(arm_mean_q15.o)
 .debug_ranges  0x00000010       0x10 dsp_lib//libarm_cortexM3l_math.a(arm_max_q15.o)
 .debug_ranges  0x00000020      0x7b8 dsp_lib//libarm_cortexM3l_math.a(arm_cfft_radix2_q15.o)
 .debug_ranges  0x000007d8       0x10 dsp_lib//libarm_cortexM3l_math.a(arm_cfft_radix2_init_q15.o)
 .debug_ranges  0x000007e8       0x20 dsp_lib//libarm_cortexM3l_math.a(arm_bitreversal.o)
 .debug_ranges  0x00000808       0x80 dsp_lib//libarm_cortexM3l_math.a(arm_cmplx_mag_q15.o)
 .debug_ranges  0x00000888       0x10 dsp_lib//libarm_cortexM3l_math.a(arm_sqrt_q15.o)
 .debug_ranges  0x00000898       0x90 dsp_lib//libarm_cortexM3l_math.a(arm_shift_q15.o)

.debug_line_str
                0x00000000       0xc3
 .debug_line_str
                0x00000000       0xc3 /opt/arm-none-eabi/bin/../lib/gcc/arm-none-eabi/13.3.1/thumb/v7-m/nofp/libgcc.a(_arm_addsubsf3.o)
 .debug_line_str
                0x000000c3       0xc3 /opt/arm-none-eabi/bin/../lib/gcc/arm-none-eabi/13.3.1/thumb/v7-m/nofp/libgcc.a(_arm_muldivsf3.o)
 .debug_line_str
                0x000000c3       0xc3 /opt/arm-none-eabi/bin/../lib/gcc/arm-none-eabi/13.3.1/thumb/v7-m/nofp/libgcc.a(_arm_fixsfsi.o)
 .debug_line_str
                0x000000c3       0xc3 /opt/arm-none-eabi/bin/../lib/gcc/arm-none-eabi/13.3.1/thumb/v7-m/nofp/libgcc.a(_arm_fixunssfsi.o)
